2025-12-12T18:55:38.3224080Z Current runner version: '2.329.0'
2025-12-12T18:55:38.3240320Z ##[group]Runner Image Provisioner
2025-12-12T18:55:38.3240800Z Hosted Compute Agent
2025-12-12T18:55:38.3241120Z Version: 20251211.462
2025-12-12T18:55:38.3241490Z Commit: 6cbad8c2bb55d58165063d031ccabf57e2d2db61
2025-12-12T18:55:38.3241920Z Build Date: 2025-12-11T16:28:49Z
2025-12-12T18:55:38.3242310Z Worker ID: {40b719f1-42b9-4fdd-8366-7a6fe11c651c}
2025-12-12T18:55:38.3242730Z ##[endgroup]
2025-12-12T18:55:38.3243060Z ##[group]Operating System
2025-12-12T18:55:38.3243410Z macOS
2025-12-12T18:55:38.3243700Z 15.7.2
2025-12-12T18:55:38.3243980Z 24G325
2025-12-12T18:55:38.3244250Z ##[endgroup]
2025-12-12T18:55:38.3244530Z ##[group]Runner Image
2025-12-12T18:55:38.3244850Z Image: macos-15-arm64
2025-12-12T18:55:38.3245160Z Version: 20251210.0068.1
2025-12-12T18:55:38.3245860Z Included Software: https://github.com/actions/runner-images/blob/macos-15-arm64/20251210.0068/images/macos/macos-15-arm64-Readme.md
2025-12-12T18:55:38.3246900Z Image Release: https://github.com/actions/runner-images/releases/tag/macos-15-arm64%2F20251210.0068
2025-12-12T18:55:38.3247510Z ##[endgroup]
2025-12-12T18:55:38.3248200Z ##[group]GITHUB_TOKEN Permissions
2025-12-12T18:55:38.3249190Z Contents: read
2025-12-12T18:55:38.3249490Z Metadata: read
2025-12-12T18:55:38.3249790Z Packages: read
2025-12-12T18:55:38.3250080Z ##[endgroup]
2025-12-12T18:55:38.3251500Z Secret source: Actions
2025-12-12T18:55:38.3251900Z Prepare workflow directory
2025-12-12T18:55:38.3533000Z Prepare all required actions
2025-12-12T18:55:38.3561670Z Getting action download info
2025-12-12T18:55:38.7519330Z Download action repository 'actions/checkout@v4' (SHA:34e114876b0b11c390a56381ad16ebd13914f8d5)
2025-12-12T18:55:39.3129410Z Download action repository 'actions/setup-python@v5' (SHA:a26af69be951a213d495a4c3e4e4022e16d87065)
2025-12-12T18:55:39.5071000Z Download action repository 'actions/cache@v4' (SHA:0057852bfaa89a56745cba8c7296529d2fc39830)
2025-12-12T18:55:39.6430490Z Download action repository 'codecov/codecov-action@v4' (SHA:b9fd7d16f6d7d1b5d2bec1a2887e65ceed900238)
2025-12-12T18:55:40.9628700Z Complete job name: Test Python 3.10 on macos-latest
2025-12-12T18:55:41.0235520Z ##[group]Run actions/checkout@v4
2025-12-12T18:55:41.0236430Z with:
2025-12-12T18:55:41.0236930Z   repository: gabrielima7/Stack
2025-12-12T18:55:41.0237880Z   token: ***
2025-12-12T18:55:41.0238340Z   ssh-strict: true
2025-12-12T18:55:41.0238820Z   ssh-user: git
2025-12-12T18:55:41.0239310Z   persist-credentials: true
2025-12-12T18:55:41.0239880Z   clean: true
2025-12-12T18:55:41.0240380Z   sparse-checkout-cone-mode: true
2025-12-12T18:55:41.0240990Z   fetch-depth: 1
2025-12-12T18:55:41.0241470Z   fetch-tags: false
2025-12-12T18:55:41.0241980Z   show-progress: true
2025-12-12T18:55:41.0242470Z   lfs: false
2025-12-12T18:55:41.0242930Z   submodules: false
2025-12-12T18:55:41.0243420Z   set-safe-directory: true
2025-12-12T18:55:41.0244120Z env:
2025-12-12T18:55:41.0244580Z   PYTHON_VERSION_DEFAULT: 3.11
2025-12-12T18:55:41.0245150Z ##[endgroup]
2025-12-12T18:55:41.6378230Z Syncing repository: gabrielima7/Stack
2025-12-12T18:55:41.6402610Z ##[group]Getting Git version info
2025-12-12T18:55:41.6405530Z Working directory is '/Users/runner/work/Stack/Stack'
2025-12-12T18:55:41.6899860Z [command]/opt/homebrew/bin/git version
2025-12-12T18:55:41.7753480Z git version 2.50.1
2025-12-12T18:55:41.7835720Z ##[endgroup]
2025-12-12T18:55:41.7865650Z Copying '/Users/runner/.gitconfig' to '/Users/runner/work/_temp/9cc217e0-594b-49a7-a7bf-8e1c004f4b0a/.gitconfig'
2025-12-12T18:55:41.7892210Z Temporarily overriding HOME='/Users/runner/work/_temp/9cc217e0-594b-49a7-a7bf-8e1c004f4b0a' before making global git config changes
2025-12-12T18:55:41.7896610Z Adding repository directory to the temporary git global config as a safe directory
2025-12-12T18:55:41.7902240Z [command]/opt/homebrew/bin/git config --global --add safe.directory /Users/runner/work/Stack/Stack
2025-12-12T18:55:41.8512370Z Deleting the contents of '/Users/runner/work/Stack/Stack'
2025-12-12T18:55:41.8520820Z ##[group]Initializing the repository
2025-12-12T18:55:41.8526320Z [command]/opt/homebrew/bin/git init /Users/runner/work/Stack/Stack
2025-12-12T18:55:41.8751210Z hint: Using 'master' as the name for the initial branch. This default branch name
2025-12-12T18:55:41.8754700Z hint: is subject to change. To configure the initial branch name to use in all
2025-12-12T18:55:41.8757680Z hint: of your new repositories, which will suppress this warning, call:
2025-12-12T18:55:41.8759780Z hint:
2025-12-12T18:55:41.8762050Z hint: 	git config --global init.defaultBranch <name>
2025-12-12T18:55:41.8764800Z hint:
2025-12-12T18:55:41.8766950Z hint: Names commonly chosen instead of 'master' are 'main', 'trunk' and
2025-12-12T18:55:41.8768130Z hint: 'development'. The just-created branch can be renamed via this command:
2025-12-12T18:55:41.8769300Z hint:
2025-12-12T18:55:41.8771730Z hint: 	git branch -m <name>
2025-12-12T18:55:41.8774150Z hint:
2025-12-12T18:55:41.8776210Z hint: Disable this message with "git config set advice.defaultBranchName false"
2025-12-12T18:55:41.8779420Z Initialized empty Git repository in /Users/runner/work/Stack/Stack/.git/
2025-12-12T18:55:41.8787460Z [command]/opt/homebrew/bin/git remote add origin https://github.com/gabrielima7/Stack
2025-12-12T18:55:41.8941730Z ##[endgroup]
2025-12-12T18:55:41.8944360Z ##[group]Disabling automatic garbage collection
2025-12-12T18:55:41.8947060Z [command]/opt/homebrew/bin/git config --local gc.auto 0
2025-12-12T18:55:41.9051690Z ##[endgroup]
2025-12-12T18:55:41.9052890Z ##[group]Setting up auth
2025-12-12T18:55:41.9056160Z [command]/opt/homebrew/bin/git config --local --name-only --get-regexp core\.sshCommand
2025-12-12T18:55:41.9139750Z [command]/opt/homebrew/bin/git submodule foreach --recursive sh -c "git config --local --name-only --get-regexp 'core\.sshCommand' && git config --local --unset-all 'core.sshCommand' || :"
2025-12-12T18:55:42.1015230Z [command]/opt/homebrew/bin/git config --local --name-only --get-regexp http\.https\:\/\/github\.com\/\.extraheader
2025-12-12T18:55:42.1125260Z [command]/opt/homebrew/bin/git submodule foreach --recursive sh -c "git config --local --name-only --get-regexp 'http\.https\:\/\/github\.com\/\.extraheader' && git config --local --unset-all 'http.https://github.com/.extraheader' || :"
2025-12-12T18:55:42.2651690Z [command]/opt/homebrew/bin/git config --local --name-only --get-regexp ^includeIf\.gitdir:
2025-12-12T18:55:42.2770340Z [command]/opt/homebrew/bin/git submodule foreach --recursive git config --local --show-origin --name-only --get-regexp remote.origin.url
2025-12-12T18:55:42.4139690Z [command]/opt/homebrew/bin/git config --local http.https://github.com/.extraheader AUTHORIZATION: basic ***
2025-12-12T18:55:42.4246900Z ##[endgroup]
2025-12-12T18:55:42.4249240Z ##[group]Fetching the repository
2025-12-12T18:55:42.4261910Z [command]/opt/homebrew/bin/git -c protocol.version=2 fetch --no-tags --prune --no-recurse-submodules --depth=1 origin +265f2b5c1d4934c9f9ad4d635b5ad0997efee979:refs/remotes/origin/main
2025-12-12T18:55:43.2007970Z From https://github.com/gabrielima7/Stack
2025-12-12T18:55:43.2110900Z  * [new ref]         265f2b5c1d4934c9f9ad4d635b5ad0997efee979 -> origin/main
2025-12-12T18:55:43.2165430Z ##[endgroup]
2025-12-12T18:55:43.2170440Z ##[group]Determining the checkout info
2025-12-12T18:55:43.2171540Z ##[endgroup]
2025-12-12T18:55:43.2172460Z [command]/opt/homebrew/bin/git sparse-checkout disable
2025-12-12T18:55:43.2322360Z [command]/opt/homebrew/bin/git config --local --unset-all extensions.worktreeConfig
2025-12-12T18:55:43.2431520Z ##[group]Checking out the ref
2025-12-12T18:55:43.2439490Z [command]/opt/homebrew/bin/git checkout --progress --force -B main refs/remotes/origin/main
2025-12-12T18:55:43.3063660Z Switched to a new branch 'main'
2025-12-12T18:55:43.3167810Z branch 'main' set up to track 'origin/main'.
2025-12-12T18:55:43.3501610Z ##[endgroup]
2025-12-12T18:55:43.3534440Z [command]/opt/homebrew/bin/git log -1 --format=%H
2025-12-12T18:55:43.3536560Z 265f2b5c1d4934c9f9ad4d635b5ad0997efee979
2025-12-12T18:55:43.4073500Z ##[group]Run actions/setup-python@v5
2025-12-12T18:55:43.4075040Z with:
2025-12-12T18:55:43.4076260Z   python-version: 3.10
2025-12-12T18:55:43.4077470Z   check-latest: false
2025-12-12T18:55:43.4079380Z   token: ***
2025-12-12T18:55:43.4080810Z   update-environment: true
2025-12-12T18:55:43.4082130Z   allow-prereleases: false
2025-12-12T18:55:43.4083410Z   freethreaded: false
2025-12-12T18:55:43.4084640Z env:
2025-12-12T18:55:43.4085780Z   PYTHON_VERSION_DEFAULT: 3.11
2025-12-12T18:55:43.4087060Z ##[endgroup]
2025-12-12T18:55:43.6558200Z ##[group]Installed versions
2025-12-12T18:55:43.6611740Z Version 3.10 was not found in the local cache
2025-12-12T18:55:44.9081170Z Version 3.10 is available for downloading
2025-12-12T18:55:44.9081850Z Download from "https://github.com/actions/python-versions/releases/download/3.10.11-11114431484/python-3.10.11-darwin-arm64.tar.gz"
2025-12-12T18:55:48.2987550Z Extract downloaded archive
2025-12-12T18:55:48.3323210Z [command]/usr/bin/tar xz -C /Users/runner/work/_temp/c1ef423c-4273-4582-bc55-c6effd61ba2f -f /Users/runner/work/_temp/0933aea5-f071-4804-b3c2-74d736c16eae
2025-12-12T18:55:48.4308850Z Execute installation script
2025-12-12T18:55:48.4689960Z Check if Python hostedtoolcache folder exist...
2025-12-12T18:55:48.4856140Z Install Python binaries from prebuilt package
2025-12-12T18:56:10.7821610Z installer: Package name is Python
2025-12-12T18:56:10.7924470Z installer: Upgrading at base path /
2025-12-12T18:56:10.8026720Z installer: The upgrade was successful.
2025-12-12T18:56:10.8131050Z Create hostedtoolcach symlinks (Required for the backward compatibility)
2025-12-12T18:56:10.8233130Z Create Python 3.10.11 folder
2025-12-12T18:56:10.8334380Z Create additional symlinks (Required for the UsePythonVersion Azure Pipelines task and the setup-python GitHub Action)
2025-12-12T18:56:10.8438900Z Upgrading pip...
2025-12-12T18:56:13.0100970Z Looking in links: /var/folders/bp/kmfmhnl95kx1c8x321z7twbw0000gn/T/tmpa6p7wk33
2025-12-12T18:56:13.0106060Z Requirement already satisfied: setuptools in /Library/Frameworks/Python.framework/Versions/3.10/lib/python3.10/site-packages (65.5.0)
2025-12-12T18:56:13.0206890Z Requirement already satisfied: pip in /Library/Frameworks/Python.framework/Versions/3.10/lib/python3.10/site-packages (23.0.1)
2025-12-12T18:56:14.0645660Z Collecting pip
2025-12-12T18:56:14.1404380Z Downloading pip-25.3-py3-none-any.whl (1.8 MB)
2025-12-12T18:56:14.2477770Z ━━━━━━━━━━━━━━━━━━━━━━━━━━━━━━━━━━━━━━━━ 1.8/1.8 MB 17.2 MB/s eta 0:00:00
2025-12-12T18:56:14.2586220Z 
2025-12-12T18:56:14.3188520Z Installing collected packages: pip
2025-12-12T18:56:14.3211260Z   Attempting uninstall: pip
2025-12-12T18:56:14.3318970Z Found existing installation: pip 23.0.1
2025-12-12T18:56:14.5166660Z Uninstalling pip-23.0.1:
2025-12-12T18:56:14.8202880Z Successfully uninstalled pip-23.0.1
2025-12-12T18:56:15.7764800Z Successfully installed pip-25.3
2025-12-12T18:56:15.8541780Z Install OpenSSL certificates
2025-12-12T18:56:16.5295090Z Collecting certifi
2025-12-12T18:56:16.5596110Z Using cached certifi-2025.11.12-py3-none-any.whl.metadata (2.5 kB)
2025-12-12T18:56:16.5994830Z Using cached certifi-2025.11.12-py3-none-any.whl (159 kB)
2025-12-12T18:56:16.6121130Z Installing collected packages: certifi
2025-12-12T18:56:16.6249230Z Successfully installed certifi-2025.11.12
2025-12-12T18:56:16.7800930Z -- pip install --upgrade certifi
2025-12-12T18:56:16.7818570Z  -- removing any existing file or link
2025-12-12T18:56:16.7879290Z  -- creating symlink to certifi certificate bundle
2025-12-12T18:56:16.7883650Z  -- setting permissions
2025-12-12T18:56:16.7887750Z  -- update complete
2025-12-12T18:56:16.7898300Z Create complete file
2025-12-12T18:56:16.7989920Z Successfully set up CPython (3.10.11)
2025-12-12T18:56:16.7991930Z ##[endgroup]
2025-12-12T18:56:16.8658620Z ##[group]Run pipx install poetry
2025-12-12T18:56:16.8659540Z [36;1mpipx install poetry[0m
2025-12-12T18:56:16.8889650Z shell: /bin/bash -e {0}
2025-12-12T18:56:16.8890460Z env:
2025-12-12T18:56:16.8898740Z   PYTHON_VERSION_DEFAULT: 3.11
2025-12-12T18:56:16.8899520Z   pythonLocation: /Users/runner/hostedtoolcache/Python/3.10.11/arm64
2025-12-12T18:56:16.8900870Z   PKG_CONFIG_PATH: /Users/runner/hostedtoolcache/Python/3.10.11/arm64/lib/pkgconfig
2025-12-12T18:56:16.8901960Z   Python_ROOT_DIR: /Users/runner/hostedtoolcache/Python/3.10.11/arm64
2025-12-12T18:56:16.8902980Z   Python2_ROOT_DIR: /Users/runner/hostedtoolcache/Python/3.10.11/arm64
2025-12-12T18:56:16.8903940Z   Python3_ROOT_DIR: /Users/runner/hostedtoolcache/Python/3.10.11/arm64
2025-12-12T18:56:16.8904820Z ##[endgroup]
2025-12-12T18:56:17.7702220Z creating virtual environment...
2025-12-12T18:56:17.9234700Z creating shared libraries...
2025-12-12T18:56:20.8081150Z upgrading shared libraries...
2025-12-12T18:56:22.5976860Z installing poetry...
2025-12-12T18:56:30.2092560Z done! ✨ 🌟 ✨
2025-12-12T18:56:30.2098440Z   installed package poetry 2.2.1, installed using Python 3.14.2
2025-12-12T18:56:30.2159360Z   These apps are now globally available
2025-12-12T18:56:30.2218220Z     - poetry
2025-12-12T18:56:30.2568700Z ##[group]Run poetry config virtualenvs.in-project true
2025-12-12T18:56:30.2569990Z [36;1mpoetry config virtualenvs.in-project true[0m
2025-12-12T18:56:30.2665320Z shell: /bin/bash -e {0}
2025-12-12T18:56:30.2665740Z env:
2025-12-12T18:56:30.2666710Z   PYTHON_VERSION_DEFAULT: 3.11
2025-12-12T18:56:30.2668330Z   pythonLocation: /Users/runner/hostedtoolcache/Python/3.10.11/arm64
2025-12-12T18:56:30.2672680Z   PKG_CONFIG_PATH: /Users/runner/hostedtoolcache/Python/3.10.11/arm64/lib/pkgconfig
2025-12-12T18:56:30.2674080Z   Python_ROOT_DIR: /Users/runner/hostedtoolcache/Python/3.10.11/arm64
2025-12-12T18:56:30.2679270Z   Python2_ROOT_DIR: /Users/runner/hostedtoolcache/Python/3.10.11/arm64
2025-12-12T18:56:30.2680010Z   Python3_ROOT_DIR: /Users/runner/hostedtoolcache/Python/3.10.11/arm64
2025-12-12T18:56:30.2680490Z ##[endgroup]
2025-12-12T18:56:31.3551360Z ##[group]Run actions/cache@v4
2025-12-12T18:56:31.3551680Z with:
2025-12-12T18:56:31.3551940Z   path: .venv
2025-12-12T18:56:31.3552300Z   key: macOS-poetry-3.10-dddbcec77aace8ea46b8e4dc49af4adbf8a33d76eb561e7fb5c3f00a438f980a
2025-12-12T18:56:31.3552800Z   restore-keys: macOS-poetry-3.10-

2025-12-12T18:56:31.3553060Z   enableCrossOsArchive: false
2025-12-12T18:56:31.3553290Z   fail-on-cache-miss: false
2025-12-12T18:56:31.3553590Z   lookup-only: false
2025-12-12T18:56:31.3553790Z   save-always: false
2025-12-12T18:56:31.3553970Z env:
2025-12-12T18:56:31.3554160Z   PYTHON_VERSION_DEFAULT: 3.11
2025-12-12T18:56:31.3554520Z   pythonLocation: /Users/runner/hostedtoolcache/Python/3.10.11/arm64
2025-12-12T18:56:31.3554940Z   PKG_CONFIG_PATH: /Users/runner/hostedtoolcache/Python/3.10.11/arm64/lib/pkgconfig
2025-12-12T18:56:31.3555360Z   Python_ROOT_DIR: /Users/runner/hostedtoolcache/Python/3.10.11/arm64
2025-12-12T18:56:31.3555870Z   Python2_ROOT_DIR: /Users/runner/hostedtoolcache/Python/3.10.11/arm64
2025-12-12T18:56:31.3556340Z   Python3_ROOT_DIR: /Users/runner/hostedtoolcache/Python/3.10.11/arm64
2025-12-12T18:56:31.3556640Z ##[endgroup]
2025-12-12T18:56:31.7593740Z Cache not found for input keys: macOS-poetry-3.10-dddbcec77aace8ea46b8e4dc49af4adbf8a33d76eb561e7fb5c3f00a438f980a, macOS-poetry-3.10-
2025-12-12T18:56:31.7621950Z ##[group]Run poetry install --with dev
2025-12-12T18:56:31.7622220Z [36;1mpoetry install --with dev[0m
2025-12-12T18:56:31.7730800Z shell: /bin/bash -e {0}
2025-12-12T18:56:31.7731520Z env:
2025-12-12T18:56:31.7732190Z   PYTHON_VERSION_DEFAULT: 3.11
2025-12-12T18:56:31.7732640Z   pythonLocation: /Users/runner/hostedtoolcache/Python/3.10.11/arm64
2025-12-12T18:56:31.7733040Z   PKG_CONFIG_PATH: /Users/runner/hostedtoolcache/Python/3.10.11/arm64/lib/pkgconfig
2025-12-12T18:56:31.7733420Z   Python_ROOT_DIR: /Users/runner/hostedtoolcache/Python/3.10.11/arm64
2025-12-12T18:56:31.7733750Z   Python2_ROOT_DIR: /Users/runner/hostedtoolcache/Python/3.10.11/arm64
2025-12-12T18:56:31.7734080Z   Python3_ROOT_DIR: /Users/runner/hostedtoolcache/Python/3.10.11/arm64
2025-12-12T18:56:31.7734350Z ##[endgroup]
2025-12-12T18:56:32.5126530Z Creating virtualenv stack in /Users/runner/work/Stack/Stack/.venv
2025-12-12T18:56:33.5340150Z Installing dependencies from lock file
2025-12-12T18:56:33.7699430Z 
2025-12-12T18:56:33.7806540Z Package operations: 78 installs, 0 updates, 0 removals
2025-12-12T18:56:33.7907770Z 
2025-12-12T18:56:33.8009790Z   - Installing mdurl (0.1.2)
2025-12-12T18:56:33.8111410Z   - Installing pycparser (2.23)
2025-12-12T18:56:33.8216750Z   - Installing typing-extensions (4.15.0)
2025-12-12T18:56:34.0327290Z   - Installing exceptiongroup (1.2.2)
2025-12-12T18:56:34.0431630Z   - Installing h11 (0.16.0)
2025-12-12T18:56:34.0531980Z   - Installing idna (3.11)
2025-12-12T18:56:34.0637300Z   - Installing certifi (2025.11.12)
2025-12-12T18:56:34.0748730Z   - Installing cffi (2.0.0)
2025-12-12T18:56:34.0849710Z   - Installing markdown-it-py (4.0.0)
2025-12-12T18:56:34.0950670Z   - Installing annotated-types (0.7.0)
2025-12-12T18:56:34.1255300Z   - Installing packaging (25.0)
2025-12-12T18:56:34.2304220Z   - Installing pydantic-core (2.41.5)
2025-12-12T18:56:34.2407900Z   - Installing pygments (2.19.2)
2025-12-12T18:56:34.2620510Z   - Installing ruamel-yaml-clib (0.2.14)
2025-12-12T18:56:34.3356700Z   - Installing tomli (2.0.2)
2025-12-12T18:56:34.3461190Z   - Installing typing-inspection (0.4.2)
2025-12-12T18:56:34.7048000Z   - Installing anyio (4.12.0)
2025-12-12T18:56:34.7148910Z   - Installing click (8.1.8)
2025-12-12T18:56:34.7250360Z   - Installing backports-datetime-fromisoformat (2.0.3)
2025-12-12T18:56:34.7351040Z   - Installing cryptography (46.0.3)
2025-12-12T18:56:34.7451900Z   - Installing charset-normalizer (3.4.4)
2025-12-12T18:56:34.7554270Z   - Installing distlib (0.4.0)
2025-12-12T18:56:34.7655810Z   - Installing dparse (0.6.4)
2025-12-12T18:56:34.8414910Z   - Installing filelock (3.20.0)
2025-12-12T18:56:34.8516730Z   - Installing httpcore (1.0.9)
2025-12-12T18:56:34.8618220Z   - Installing iniconfig (2.3.0)
2025-12-12T18:56:34.8822970Z   - Installing joblib (1.5.2)
2025-12-12T18:56:34.8925250Z   - Installing markupsafe (3.0.3)
2025-12-12T18:56:34.9730520Z   - Installing platformdirs (4.5.1)
2025-12-12T18:56:34.9832450Z   - Installing pluggy (1.6.0)
2025-12-12T18:56:35.1687710Z   - Installing pydantic (2.12.5)
2025-12-12T18:56:35.1802740Z   - Installing regex (2025.11.3)
2025-12-12T18:56:35.1906470Z   - Installing rich (13.5.3)
2025-12-12T18:56:35.2011940Z   - Installing ruamel-yaml (0.18.16)
2025-12-12T18:56:35.3947670Z   - Installing shellingham (1.5.4)
2025-12-12T18:56:35.5355050Z   - Installing tqdm (4.67.1)
2025-12-12T18:56:35.5454990Z   - Installing urllib3 (2.6.2)
2025-12-12T18:56:35.7884070Z   - Installing attrs (25.4.0)
2025-12-12T18:56:35.7985270Z   - Installing colorama (0.4.6)
2025-12-12T18:56:35.8094310Z   - Installing execnet (2.1.2)
2025-12-12T18:56:35.8206720Z   - Installing coverage (7.13.0)
2025-12-12T18:56:35.8309640Z   - Installing dnspython (2.8.0)
2025-12-12T18:56:35.8413180Z   - Installing authlib (1.6.6)
2025-12-12T18:56:35.8513550Z   - Installing cfgv (3.5.0)
2025-12-12T18:56:35.9132740Z   - Installing httpx (0.28.1)
2025-12-12T18:56:35.9638030Z   - Installing identify (2.6.15)
2025-12-12T18:56:35.9742890Z   - Installing jinja2 (3.1.6)
2025-12-12T18:56:36.0690810Z   - Installing librt (0.7.3)
2025-12-12T18:56:36.0691530Z   - Installing marshmallow (4.1.1)
2025-12-12T18:56:36.1206970Z   - Installing mypy-extensions (1.1.0)
2025-12-12T18:56:36.1438180Z   - Installing nltk (3.9.2)
2025-12-12T18:56:36.1740770Z   - Installing nodeenv (1.9.1)
2025-12-12T18:56:36.1842660Z   - Installing pathspec (0.12.1)
2025-12-12T18:56:36.2497270Z   - Installing py (1.11.0)
2025-12-12T18:56:36.2598540Z   - Installing pytest (9.0.2)
2025-12-12T18:56:36.2870850Z   - Installing pyyaml (6.0.3)
2025-12-12T18:56:36.2988540Z   - Installing requests (2.32.5)
2025-12-12T18:56:36.4430320Z   - Installing safety-schemas (0.0.16)
2025-12-12T18:56:36.4640810Z   - Installing sortedcontainers (2.4.0)
2025-12-12T18:56:36.5142140Z   - Installing stevedore (5.6.0)
2025-12-12T18:56:36.6054180Z   - Installing tabulate (0.9.0)
2025-12-12T18:56:36.6155770Z   - Installing tenacity (9.1.2)
2025-12-12T18:56:36.6256840Z   - Installing tomlkit (0.13.3)
2025-12-12T18:56:36.6400740Z   - Installing typer (0.20.0)
2025-12-12T18:56:36.6961140Z   - Installing virtualenv (20.35.4)
2025-12-12T18:56:37.0513110Z   - Installing bandit (1.9.2)
2025-12-12T18:56:37.0616160Z   - Installing email-validator (2.3.0)
2025-12-12T18:56:37.0722830Z   - Installing hypothesis (6.148.7)
2025-12-12T18:56:37.0825830Z   - Installing interrogate (1.7.0)
2025-12-12T18:56:37.0927500Z   - Installing mypy (1.19.0)
2025-12-12T18:56:37.1028350Z   - Installing orjson (3.11.5)
2025-12-12T18:56:37.1130060Z   - Installing pre-commit (4.5.0)
2025-12-12T18:56:37.2191060Z   - Installing pytest-cov (7.0.0)
2025-12-12T18:56:37.2298600Z   - Installing pytest-timeout (2.4.0)
2025-12-12T18:56:37.3326890Z   - Installing pytest-xdist (3.8.0)
2025-12-12T18:56:37.4816050Z   - Installing ruff (0.14.9)
2025-12-12T18:56:37.5270420Z   - Installing safety (3.7.0)
2025-12-12T18:56:37.5945970Z   - Installing vulture (2.14)
2025-12-12T18:56:38.7136240Z 
2025-12-12T18:56:38.7136920Z Installing the current project: stack (2.0.0)
2025-12-12T18:56:38.9734580Z ##[group]Run poetry run pytest tests/ -v --cov=src --cov-report=xml --cov-report=term --timeout=60
2025-12-12T18:56:38.9736530Z [36;1mpoetry run pytest tests/ -v --cov=src --cov-report=xml --cov-report=term --timeout=60[0m
2025-12-12T18:56:38.9872350Z shell: /bin/bash -e {0}
2025-12-12T18:56:38.9872950Z env:
2025-12-12T18:56:38.9873470Z   PYTHON_VERSION_DEFAULT: 3.11
2025-12-12T18:56:38.9874240Z   pythonLocation: /Users/runner/hostedtoolcache/Python/3.10.11/arm64
2025-12-12T18:56:38.9875380Z   PKG_CONFIG_PATH: /Users/runner/hostedtoolcache/Python/3.10.11/arm64/lib/pkgconfig
2025-12-12T18:56:38.9876430Z   Python_ROOT_DIR: /Users/runner/hostedtoolcache/Python/3.10.11/arm64
2025-12-12T18:56:38.9877320Z   Python2_ROOT_DIR: /Users/runner/hostedtoolcache/Python/3.10.11/arm64
2025-12-12T18:56:38.9878350Z   Python3_ROOT_DIR: /Users/runner/hostedtoolcache/Python/3.10.11/arm64
2025-12-12T18:56:38.9879240Z ##[endgroup]
2025-12-12T18:56:41.8395570Z ============================= test session starts ==============================
2025-12-12T18:56:41.8396940Z platform darwin -- Python 3.10.11, pytest-9.0.2, pluggy-1.6.0 -- /Users/runner/work/Stack/Stack/.venv/bin/python
2025-12-12T18:56:41.8397680Z cachedir: .pytest_cache
2025-12-12T18:56:41.8398330Z hypothesis profile 'ci' -> database=None, deadline=None, print_blob=True, derandomize=True, suppress_health_check=(HealthCheck.too_slow,)
2025-12-12T18:56:41.8399010Z rootdir: /Users/runner/work/Stack/Stack
2025-12-12T18:56:41.8399550Z configfile: pyproject.toml
2025-12-12T18:56:41.8400120Z plugins: anyio-4.12.0, xdist-3.8.0, timeout-2.4.0, hypothesis-6.148.7, cov-7.0.0
2025-12-12T18:56:41.8400630Z timeout: 60.0s
2025-12-12T18:56:41.8401060Z timeout method: signal
2025-12-12T18:56:41.8401370Z timeout func_only: False
2025-12-12T18:56:42.3049450Z collecting ... collected 74 items
2025-12-12T18:56:42.3050780Z 
2025-12-12T18:56:42.3064120Z tests/test_config_models.py::TestSecurityConfig::test_default_values PASSED [  1%]
2025-12-12T18:56:42.3071280Z tests/test_config_models.py::TestSecurityConfig::test_paranoid_level PASSED [  2%]
2025-12-12T18:56:42.3081010Z tests/test_config_models.py::TestSecurityConfig::test_frozen_config PASSED [  4%]
2025-12-12T18:56:42.3087810Z tests/test_config_models.py::TestSecurityConfig::test_extra_fields_forbidden PASSED [  5%]
2025-12-12T18:56:42.3093980Z tests/test_config_models.py::TestDependencyConfig::test_default_values PASSED [  6%]
2025-12-12T18:56:42.3101060Z tests/test_config_models.py::TestDependencyConfig::test_custom_dependencies PASSED [  8%]
2025-12-12T18:56:42.3108420Z tests/test_config_models.py::TestLoggingConfig::test_default_values PASSED [  9%]
2025-12-12T18:56:42.3118440Z tests/test_config_models.py::TestLoggingConfig::test_valid_levels PASSED [ 10%]
2025-12-12T18:56:42.3124110Z tests/test_config_models.py::TestLoggingConfig::test_invalid_level_rejected PASSED [ 12%]
2025-12-12T18:56:42.3137660Z tests/test_config_models.py::TestStackConfig::test_default_values PASSED [ 13%]
2025-12-12T18:56:42.3163210Z tests/test_config_models.py::TestStackConfig::test_valid_project_name PASSED [ 14%]
2025-12-12T18:56:42.3173290Z tests/test_config_models.py::TestStackConfig::test_invalid_project_name_rejected PASSED [ 16%]
2025-12-12T18:56:42.3181500Z tests/test_config_models.py::TestStackConfig::test_valid_python_version PASSED [ 17%]
2025-12-12T18:56:42.3189250Z tests/test_config_models.py::TestStackConfig::test_invalid_python_version_rejected PASSED [ 18%]
2025-12-12T18:56:42.3304060Z tests/test_config_models.py::TestStackConfig::test_path_traversal_rejected PASSED [ 20%]
2025-12-12T18:56:42.3319310Z tests/test_config_models.py::TestStackConfig::test_paranoid_requires_all_tools PASSED [ 21%]
2025-12-12T18:56:42.3353140Z tests/test_config_models.py::TestStackConfig::test_to_target_version PASSED [ 22%]
2025-12-12T18:56:42.3354110Z tests/test_config_models.py::TestStackConfig::test_nested_configs PASSED [ 24%]
2025-12-12T18:56:42.3354680Z tests/test_example.py::test_greet PASSED                                 [ 25%]
2025-12-12T18:56:42.3355830Z tests/test_example.py::test_greet_empty PASSED                           [ 27%]
2025-12-12T18:56:42.3913800Z tests/test_secure_system.py::test_create_user_success PASSED             [ 28%]
2025-12-12T18:56:42.3933620Z tests/test_secure_system.py::test_create_user_invalid_email PASSED       [ 29%]
2025-12-12T18:56:42.3948020Z tests/test_secure_system.py::test_create_user_invalid_username PASSED    [ 31%]
2025-12-12T18:56:42.3961380Z tests/test_secure_system.py::test_get_non_existent_user PASSED           [ 32%]
2025-12-12T18:56:42.4006660Z tests/test_security_guards.py::TestGuardPathTraversal::test_safe_path_passes PASSED [ 33%]
2025-12-12T18:56:42.4062500Z tests/test_security_guards.py::TestGuardPathTraversal::test_relative_path_within_base PASSED [ 35%]
2025-12-12T18:56:42.4170480Z tests/test_security_guards.py::TestGuardPathTraversal::test_path_traversal_blocked PASSED [ 36%]
2025-12-12T18:56:42.4196800Z tests/test_security_guards.py::TestGuardPathTraversal::test_double_dot_blocked PASSED [ 37%]
2025-12-12T18:56:42.4207950Z tests/test_security_guards.py::TestGuardPathTraversal::test_url_encoded_traversal_blocked PASSED [ 39%]
2025-12-12T18:56:42.4229260Z tests/test_security_guards.py::TestGuardPathTraversal::test_path_escapes_base_dir PASSED [ 40%]
2025-12-12T18:56:42.4331280Z tests/test_security_guards.py::TestGuardCommandInjection::test_safe_command_passes PASSED [ 41%]
2025-12-12T18:56:42.4438030Z tests/test_security_guards.py::TestGuardCommandInjection::test_empty_command_blocked PASSED [ 43%]
2025-12-12T18:56:42.4540940Z tests/test_security_guards.py::TestGuardCommandInjection::test_semicolon_blocked PASSED [ 44%]
2025-12-12T18:56:42.4627870Z tests/test_security_guards.py::TestGuardCommandInjection::test_pipe_blocked PASSED [ 45%]
2025-12-12T18:56:42.4638150Z tests/test_security_guards.py::TestGuardCommandInjection::test_backtick_blocked PASSED [ 47%]
2025-12-12T18:56:42.4640240Z tests/test_security_guards.py::TestGuardCommandInjection::test_dollar_expansion_blocked PASSED [ 48%]
2025-12-12T18:56:42.4642190Z tests/test_security_guards.py::TestGuardCommandInjection::test_allowed_commands_whitelist PASSED [ 50%]
2025-12-12T18:56:42.4644790Z tests/test_security_guards.py::TestGuardCommandInjection::test_command_not_in_whitelist_blocked PASSED [ 51%]
2025-12-12T18:56:42.4646440Z tests/test_security_guards.py::TestGuardFileExtension::test_safe_extension_passes PASSED [ 52%]
2025-12-12T18:56:42.4647520Z tests/test_security_guards.py::TestGuardFileExtension::test_dangerous_extension_blocked PASSED [ 54%]
2025-12-12T18:56:42.4649080Z tests/test_security_guards.py::TestGuardFileExtension::test_custom_denied_extensions PASSED [ 55%]
2025-12-12T18:56:42.4650070Z tests/test_security_guards.py::TestGuardFileExtension::test_extension_with_dot PASSED [ 56%]
2025-12-12T18:56:42.4652880Z tests/test_security_validators.py::TestValidateProjectName::test_valid_project_name PASSED [ 58%]
2025-12-12T18:56:42.4654670Z tests/test_security_validators.py::TestValidateProjectName::test_empty_name_rejected PASSED [ 59%]
2025-12-12T18:56:42.4655820Z tests/test_security_validators.py::TestValidateProjectName::test_name_must_start_with_letter PASSED [ 60%]
2025-12-12T18:56:42.4657040Z tests/test_security_validators.py::TestValidateProjectName::test_reserved_names_rejected PASSED [ 62%]
2025-12-12T18:56:42.4658290Z tests/test_security_validators.py::TestValidateProjectName::test_max_length_enforced PASSED [ 63%]
2025-12-12T18:56:42.4660530Z tests/test_security_validators.py::TestValidatePythonVersion::test_valid_versions PASSED [ 64%]
2025-12-12T18:56:42.4661230Z tests/test_security_validators.py::TestValidatePythonVersion::test_invalid_format_rejected PASSED [ 66%]
2025-12-12T18:56:42.4661920Z tests/test_security_validators.py::TestValidatePythonVersion::test_unsupported_version_rejected PASSED [ 67%]
2025-12-12T18:56:42.4662600Z tests/test_security_validators.py::TestValidateEmail::test_valid_emails PASSED [ 68%]
2025-12-12T18:56:42.4663450Z tests/test_security_validators.py::TestValidateEmail::test_empty_email_rejected PASSED [ 70%]
2025-12-12T18:56:42.4664080Z tests/test_security_validators.py::TestValidateEmail::test_invalid_format_rejected PASSED [ 71%]
2025-12-12T18:56:42.4664700Z tests/test_security_validators.py::TestValidateUrl::test_valid_urls PASSED [ 72%]
2025-12-12T18:56:42.4665230Z tests/test_security_validators.py::TestValidateUrl::test_empty_url_rejected PASSED [ 74%]
2025-12-12T18:56:42.4665770Z tests/test_security_validators.py::TestValidateUrl::test_missing_scheme_rejected PASSED [ 75%]
2025-12-12T18:56:42.4666410Z tests/test_security_validators.py::TestValidateUrl::test_invalid_scheme_rejected PASSED [ 77%]
2025-12-12T18:56:42.4666970Z tests/test_security_validators.py::TestValidateIpAddress::test_valid_ipv4 PASSED [ 78%]
2025-12-12T18:56:42.4667500Z tests/test_security_validators.py::TestValidateIpAddress::test_valid_ipv6 PASSED [ 79%]
2025-12-12T18:56:42.4668150Z tests/test_security_validators.py::TestValidateIpAddress::test_invalid_ip_rejected PASSED [ 81%]
2025-12-12T18:56:42.4668880Z tests/test_security_validators.py::TestValidatePort::test_valid_ports PASSED [ 82%]
2025-12-12T18:56:42.4679160Z tests/test_security_validators.py::TestValidatePort::test_invalid_port_rejected PASSED [ 83%]
2025-12-12T18:56:42.4685980Z tests/test_security_validators.py::TestValidatePort::test_privileged_ports_blocked PASSED [ 85%]
2025-12-12T18:56:42.4721030Z tests/test_security_validators.py::TestValidateSemver::test_valid_semver PASSED [ 86%]
2025-12-12T18:56:42.4723720Z tests/test_security_validators.py::TestValidateSemver::test_invalid_semver_rejected PASSED [ 87%]
2025-12-12T18:56:42.4988440Z tests/test_stack_script.py::test_dry_run_does_not_create_files PASSED    [ 89%]
2025-12-12T18:56:42.5223990Z tests/test_stack_script.py::test_safe_write_creates_backup PASSED        [ 90%]
2025-12-12T18:56:42.5419360Z tests/test_stack_script.py::test_force_mode_overwrites_without_backup PASSED [ 91%]
2025-12-12T18:56:42.5754850Z tests/test_stack_script.py::test_idempotency_for_pyproject_toml PASSED   [ 93%]
2025-12-12T18:56:42.5933950Z tests/test_stack_script.py::test_git_initialization PASSED               [ 94%]
2025-12-12T18:56:42.6157600Z tests/test_stack_script.py::test_project_structure_creation PASSED       [ 95%]
2025-12-12T18:56:42.6326950Z tests/test_stack_script.py::test_optional_dependencies_flag PASSED       [ 97%]
2025-12-12T18:56:42.6503600Z tests/test_stack_script.py::test_install_runtime_deps_flag PASSED        [ 98%]
2025-12-12T18:56:43.3520060Z tests/test_stack_script.py::test_python_version_detection PASSED         [100%]
2025-12-12T18:56:43.3520960Z ERROR: Coverage failure: total of 37 is less than fail-under=80
2025-12-12T18:56:43.3521470Z 
2025-12-12T18:56:43.3521560Z 
2025-12-12T18:56:43.3521820Z ================================ tests coverage ================================
2025-12-12T18:56:43.3522340Z ______________ coverage: platform darwin, python 3.10.11-final-0 _______________
2025-12-12T18:56:43.3523750Z 
2025-12-12T18:56:43.3527410Z Name                               Stmts   Miss Branch BrPart  Cover   Missing
2025-12-12T18:56:43.3536450Z ------------------------------------------------------------------------------
2025-12-12T18:56:43.3536880Z src/app/__init__.py                    1      0      0      0   100%
2025-12-12T18:56:43.3537270Z src/app/main.py                        8      2      0      0    75%   25-26
2025-12-12T18:56:43.3537820Z src/app/secure_system.py              46      0      2      0   100%
2025-12-12T18:56:43.3538260Z src/stack/__init__.py                  5      0      0      0   100%
2025-12-12T18:56:43.3538660Z src/stack/config/__init__.py           3      0      0      0   100%
2025-12-12T18:56:43.3539190Z src/stack/config/generators.py        34     25     14      0    19%   27-28, 124-182, 218, 264, 311, 349-357
2025-12-12T18:56:43.3539730Z src/stack/config/models.py            73      2     12      1    96%   235-236
2025-12-12T18:56:43.3540160Z src/stack/security/__init__.py         4      0      0      0   100%
2025-12-12T18:56:43.3541130Z src/stack/security/guards.py          83     23     44      4    68%   100-101, 117->125, 119, 250->259, 253, 283-348
2025-12-12T18:56:43.3541790Z src/stack/security/sanitizers.py     104     95     58      0     6%   40-70, 100-152, 177-225, 245-261, 279-298
2025-12-12T18:56:43.3542450Z src/stack/security/validators.py     125     25     54     11    80%   54->56, 56->59, 65-66, 114-116, 160-161, 164-165, 196-198, 209-210, 212->221, 218-219, 251-252, 255-256, 259-260, 285-287
2025-12-12T18:56:43.3543340Z src/stack/utils/__init__.py            4      4      0      0     0%   3-7
2025-12-12T18:56:43.3543890Z src/stack/utils/filesystem.py        114    114     62      0     0%   8-352
2025-12-12T18:56:43.3544330Z src/stack/utils/logging.py            99     99     32      0     0%   8-324
2025-12-12T18:56:43.3544770Z src/stack/utils/subprocess.py         70     70     24      0     0%   8-337
2025-12-12T18:56:43.3545180Z ------------------------------------------------------------------------------
2025-12-12T18:56:43.3545750Z TOTAL                                773    459    302     16    37%
2025-12-12T18:56:43.3546160Z Coverage HTML written to dir htmlcov
2025-12-12T18:56:43.3547630Z Coverage XML written to file coverage.xml
2025-12-12T18:56:43.3548570Z FAIL Required test coverage of 80.0% not reached. Total coverage: 36.84%
2025-12-12T18:56:43.3554120Z ============================== 74 passed in 2.28s ==============================
2025-12-12T18:56:43.5187400Z ##[error]Process completed with exit code 1.
2025-12-12T18:56:43.5318580Z Post job cleanup.
2025-12-12T18:56:43.7181120Z [command]/opt/homebrew/bin/git version
2025-12-12T18:56:43.7389080Z git version 2.50.1
2025-12-12T18:56:43.7428060Z Copying '/Users/runner/.gitconfig' to '/Users/runner/work/_temp/88be291c-6580-4dde-931e-3a87952217ad/.gitconfig'
2025-12-12T18:56:43.7436260Z Temporarily overriding HOME='/Users/runner/work/_temp/88be291c-6580-4dde-931e-3a87952217ad' before making global git config changes
2025-12-12T18:56:43.7438570Z Adding repository directory to the temporary git global config as a safe directory
2025-12-12T18:56:43.7440010Z [command]/opt/homebrew/bin/git config --global --add safe.directory /Users/runner/work/Stack/Stack
2025-12-12T18:56:43.7590570Z [command]/opt/homebrew/bin/git config --local --name-only --get-regexp core\.sshCommand
2025-12-12T18:56:43.7714230Z [command]/opt/homebrew/bin/git submodule foreach --recursive sh -c "git config --local --name-only --get-regexp 'core\.sshCommand' && git config --local --unset-all 'core.sshCommand' || :"
2025-12-12T18:56:43.9736900Z [command]/opt/homebrew/bin/git config --local --name-only --get-regexp http\.https\:\/\/github\.com\/\.extraheader
2025-12-12T18:56:43.9796950Z http.https://github.com/.extraheader
2025-12-12T18:56:43.9804750Z [command]/opt/homebrew/bin/git config --local --unset-all http.https://github.com/.extraheader
2025-12-12T18:56:43.9874820Z [command]/opt/homebrew/bin/git submodule foreach --recursive sh -c "git config --local --name-only --get-regexp 'http\.https\:\/\/github\.com\/\.extraheader' && git config --local --unset-all 'http.https://github.com/.extraheader' || :"
2025-12-12T18:56:44.1259650Z [command]/opt/homebrew/bin/git config --local --name-only --get-regexp ^includeIf\.gitdir:
2025-12-12T18:56:44.1355570Z [command]/opt/homebrew/bin/git submodule foreach --recursive git config --local --show-origin --name-only --get-regexp remote.origin.url
2025-12-12T18:56:44.2683800Z Cleaning up orphan processes
