2025-12-12T18:55:38.2366342Z Current runner version: '2.329.0'
2025-12-12T18:55:38.2405193Z ##[group]Runner Image Provisioner
2025-12-12T18:55:38.2406682Z Hosted Compute Agent
2025-12-12T18:55:38.2407562Z Version: 20251202.455
2025-12-12T18:55:38.2409052Z Commit: 6c10caca4910e198df60de23adf20ad317c474e3
2025-12-12T18:55:38.2410306Z Build Date: 2025-12-02T15:56:59Z
2025-12-12T18:55:38.2411361Z Worker ID: {fc9e092b-1f7c-4a22-af88-a11bf038d270}
2025-12-12T18:55:38.2412718Z ##[endgroup]
2025-12-12T18:55:38.2413534Z ##[group]Operating System
2025-12-12T18:55:38.2414425Z Ubuntu
2025-12-12T18:55:38.2415290Z 24.04.3
2025-12-12T18:55:38.2416088Z LTS
2025-12-12T18:55:38.2416805Z ##[endgroup]
2025-12-12T18:55:38.2417907Z ##[group]Runner Image
2025-12-12T18:55:38.2419127Z Image: ubuntu-24.04
2025-12-12T18:55:38.2419945Z Version: 20251208.163.1
2025-12-12T18:55:38.2421867Z Included Software: https://github.com/actions/runner-images/blob/ubuntu24/20251208.163/images/ubuntu/Ubuntu2404-Readme.md
2025-12-12T18:55:38.2424491Z Image Release: https://github.com/actions/runner-images/releases/tag/ubuntu24%2F20251208.163
2025-12-12T18:55:38.2426310Z ##[endgroup]
2025-12-12T18:55:38.2428360Z ##[group]GITHUB_TOKEN Permissions
2025-12-12T18:55:38.2430967Z Contents: read
2025-12-12T18:55:38.2431789Z Metadata: read
2025-12-12T18:55:38.2432769Z Packages: read
2025-12-12T18:55:38.2433614Z ##[endgroup]
2025-12-12T18:55:38.2436935Z Secret source: Actions
2025-12-12T18:55:38.2438837Z Prepare workflow directory
2025-12-12T18:55:38.3034513Z Prepare all required actions
2025-12-12T18:55:38.3095006Z Getting action download info
2025-12-12T18:55:38.5801504Z Download action repository 'actions/checkout@v4' (SHA:34e114876b0b11c390a56381ad16ebd13914f8d5)
2025-12-12T18:55:38.6703762Z Download action repository 'actions/setup-python@v5' (SHA:a26af69be951a213d495a4c3e4e4022e16d87065)
2025-12-12T18:55:38.8352342Z Complete job name: Type Checking
2025-12-12T18:55:38.9060977Z ##[group]Run actions/checkout@v4
2025-12-12T18:55:38.9061818Z with:
2025-12-12T18:55:38.9062229Z   repository: gabrielima7/Stack
2025-12-12T18:55:38.9062953Z   token: ***
2025-12-12T18:55:38.9063333Z   ssh-strict: true
2025-12-12T18:55:38.9063729Z   ssh-user: git
2025-12-12T18:55:38.9064125Z   persist-credentials: true
2025-12-12T18:55:38.9064578Z   clean: true
2025-12-12T18:55:38.9064978Z   sparse-checkout-cone-mode: true
2025-12-12T18:55:38.9065455Z   fetch-depth: 1
2025-12-12T18:55:38.9065840Z   fetch-tags: false
2025-12-12T18:55:38.9066241Z   show-progress: true
2025-12-12T18:55:38.9066643Z   lfs: false
2025-12-12T18:55:38.9067002Z   submodules: false
2025-12-12T18:55:38.9067407Z   set-safe-directory: true
2025-12-12T18:55:38.9068262Z env:
2025-12-12T18:55:38.9068660Z   PYTHON_VERSION_DEFAULT: 3.11
2025-12-12T18:55:38.9069107Z ##[endgroup]
2025-12-12T18:55:39.0176892Z Syncing repository: gabrielima7/Stack
2025-12-12T18:55:39.0179070Z ##[group]Getting Git version info
2025-12-12T18:55:39.0179827Z Working directory is '/home/runner/work/Stack/Stack'
2025-12-12T18:55:39.0180735Z [command]/usr/bin/git version
2025-12-12T18:55:39.0253357Z git version 2.52.0
2025-12-12T18:55:39.0283099Z ##[endgroup]
2025-12-12T18:55:39.0307106Z Temporarily overriding HOME='/home/runner/work/_temp/c8f21cc4-8426-4f22-86f9-5192cf423614' before making global git config changes
2025-12-12T18:55:39.0308619Z Adding repository directory to the temporary git global config as a safe directory
2025-12-12T18:55:39.0312563Z [command]/usr/bin/git config --global --add safe.directory /home/runner/work/Stack/Stack
2025-12-12T18:55:39.0353433Z Deleting the contents of '/home/runner/work/Stack/Stack'
2025-12-12T18:55:39.0357085Z ##[group]Initializing the repository
2025-12-12T18:55:39.0361162Z [command]/usr/bin/git init /home/runner/work/Stack/Stack
2025-12-12T18:55:39.0472552Z hint: Using 'master' as the name for the initial branch. This default branch name
2025-12-12T18:55:39.0474184Z hint: will change to "main" in Git 3.0. To configure the initial branch name
2025-12-12T18:55:39.0475650Z hint: to use in all of your new repositories, which will suppress this warning,
2025-12-12T18:55:39.0476973Z hint: call:
2025-12-12T18:55:39.0477399Z hint:
2025-12-12T18:55:39.0477899Z hint: 	git config --global init.defaultBranch <name>
2025-12-12T18:55:39.0478716Z hint:
2025-12-12T18:55:39.0479279Z hint: Names commonly chosen instead of 'master' are 'main', 'trunk' and
2025-12-12T18:55:39.0480197Z hint: 'development'. The just-created branch can be renamed via this command:
2025-12-12T18:55:39.0481271Z hint:
2025-12-12T18:55:39.0481755Z hint: 	git branch -m <name>
2025-12-12T18:55:39.0482218Z hint:
2025-12-12T18:55:39.0482821Z hint: Disable this message with "git config set advice.defaultBranchName false"
2025-12-12T18:55:39.0483840Z Initialized empty Git repository in /home/runner/work/Stack/Stack/.git/
2025-12-12T18:55:39.0487117Z [command]/usr/bin/git remote add origin https://github.com/gabrielima7/Stack
2025-12-12T18:55:39.0525716Z ##[endgroup]
2025-12-12T18:55:39.0526437Z ##[group]Disabling automatic garbage collection
2025-12-12T18:55:39.0529982Z [command]/usr/bin/git config --local gc.auto 0
2025-12-12T18:55:39.0558236Z ##[endgroup]
2025-12-12T18:55:39.0558927Z ##[group]Setting up auth
2025-12-12T18:55:39.0565084Z [command]/usr/bin/git config --local --name-only --get-regexp core\.sshCommand
2025-12-12T18:55:39.0597780Z [command]/usr/bin/git submodule foreach --recursive sh -c "git config --local --name-only --get-regexp 'core\.sshCommand' && git config --local --unset-all 'core.sshCommand' || :"
2025-12-12T18:55:39.0930982Z [command]/usr/bin/git config --local --name-only --get-regexp http\.https\:\/\/github\.com\/\.extraheader
2025-12-12T18:55:39.0963285Z [command]/usr/bin/git submodule foreach --recursive sh -c "git config --local --name-only --get-regexp 'http\.https\:\/\/github\.com\/\.extraheader' && git config --local --unset-all 'http.https://github.com/.extraheader' || :"
2025-12-12T18:55:39.1189742Z [command]/usr/bin/git config --local --name-only --get-regexp ^includeIf\.gitdir:
2025-12-12T18:55:39.1222679Z [command]/usr/bin/git submodule foreach --recursive git config --local --show-origin --name-only --get-regexp remote.origin.url
2025-12-12T18:55:39.1454331Z [command]/usr/bin/git config --local http.https://github.com/.extraheader AUTHORIZATION: basic ***
2025-12-12T18:55:39.1491822Z ##[endgroup]
2025-12-12T18:55:39.1492773Z ##[group]Fetching the repository
2025-12-12T18:55:39.1501591Z [command]/usr/bin/git -c protocol.version=2 fetch --no-tags --prune --no-recurse-submodules --depth=1 origin +265f2b5c1d4934c9f9ad4d635b5ad0997efee979:refs/remotes/origin/main
2025-12-12T18:55:39.3985029Z From https://github.com/gabrielima7/Stack
2025-12-12T18:55:39.4018960Z  * [new ref]         265f2b5c1d4934c9f9ad4d635b5ad0997efee979 -> origin/main
2025-12-12T18:55:39.4021032Z ##[endgroup]
2025-12-12T18:55:39.4022039Z ##[group]Determining the checkout info
2025-12-12T18:55:39.4022926Z ##[endgroup]
2025-12-12T18:55:39.4026986Z [command]/usr/bin/git sparse-checkout disable
2025-12-12T18:55:39.4070222Z [command]/usr/bin/git config --local --unset-all extensions.worktreeConfig
2025-12-12T18:55:39.4096063Z ##[group]Checking out the ref
2025-12-12T18:55:39.4099702Z [command]/usr/bin/git checkout --progress --force -B main refs/remotes/origin/main
2025-12-12T18:55:39.4194884Z Switched to a new branch 'main'
2025-12-12T18:55:39.4196379Z branch 'main' set up to track 'origin/main'.
2025-12-12T18:55:39.4204559Z ##[endgroup]
2025-12-12T18:55:39.4246012Z [command]/usr/bin/git log -1 --format=%H
2025-12-12T18:55:39.4271414Z 265f2b5c1d4934c9f9ad4d635b5ad0997efee979
2025-12-12T18:55:39.4513012Z ##[group]Run actions/setup-python@v5
2025-12-12T18:55:39.4513571Z with:
2025-12-12T18:55:39.4513944Z   python-version: 3.11
2025-12-12T18:55:39.4514365Z   check-latest: false
2025-12-12T18:55:39.4514939Z   token: ***
2025-12-12T18:55:39.4515323Z   update-environment: true
2025-12-12T18:55:39.4515781Z   allow-prereleases: false
2025-12-12T18:55:39.4516218Z   freethreaded: false
2025-12-12T18:55:39.4516610Z env:
2025-12-12T18:55:39.4516966Z   PYTHON_VERSION_DEFAULT: 3.11
2025-12-12T18:55:39.4517405Z ##[endgroup]
2025-12-12T18:55:39.6239897Z ##[group]Installed versions
2025-12-12T18:55:39.6376305Z Successfully set up CPython (3.11.14)
2025-12-12T18:55:39.6377880Z ##[endgroup]
2025-12-12T18:55:39.6524776Z ##[group]Run pipx install poetry
2025-12-12T18:55:39.6525646Z [36;1mpipx install poetry[0m
2025-12-12T18:55:39.6572915Z shell: /usr/bin/bash -e {0}
2025-12-12T18:55:39.6573544Z env:
2025-12-12T18:55:39.6573970Z   PYTHON_VERSION_DEFAULT: 3.11
2025-12-12T18:55:39.6574813Z   pythonLocation: /opt/hostedtoolcache/Python/3.11.14/x64
2025-12-12T18:55:39.6576208Z   PKG_CONFIG_PATH: /opt/hostedtoolcache/Python/3.11.14/x64/lib/pkgconfig
2025-12-12T18:55:39.6577599Z   Python_ROOT_DIR: /opt/hostedtoolcache/Python/3.11.14/x64
2025-12-12T18:55:39.6579008Z   Python2_ROOT_DIR: /opt/hostedtoolcache/Python/3.11.14/x64
2025-12-12T18:55:39.6580094Z   Python3_ROOT_DIR: /opt/hostedtoolcache/Python/3.11.14/x64
2025-12-12T18:55:39.6581375Z   LD_LIBRARY_PATH: /opt/hostedtoolcache/Python/3.11.14/x64/lib
2025-12-12T18:55:39.6582435Z ##[endgroup]
2025-12-12T18:55:39.9020513Z creating virtual environment...
2025-12-12T18:55:40.0321136Z installing poetry...
2025-12-12T18:55:48.8319431Z done! ✨ 🌟 ✨
2025-12-12T18:55:48.8320574Z   installed package poetry 2.2.1, installed using Python 3.12.3
2025-12-12T18:55:48.8321480Z   These apps are now globally available
2025-12-12T18:55:48.8322248Z     - poetry
2025-12-12T18:55:48.8535356Z ##[group]Run poetry install --with dev
2025-12-12T18:55:48.8535753Z [36;1mpoetry install --with dev[0m
2025-12-12T18:55:48.8571682Z shell: /usr/bin/bash -e {0}
2025-12-12T18:55:48.8572105Z env:
2025-12-12T18:55:48.8572334Z   PYTHON_VERSION_DEFAULT: 3.11
2025-12-12T18:55:48.8572679Z   pythonLocation: /opt/hostedtoolcache/Python/3.11.14/x64
2025-12-12T18:55:48.8573122Z   PKG_CONFIG_PATH: /opt/hostedtoolcache/Python/3.11.14/x64/lib/pkgconfig
2025-12-12T18:55:48.8573661Z   Python_ROOT_DIR: /opt/hostedtoolcache/Python/3.11.14/x64
2025-12-12T18:55:48.8574075Z   Python2_ROOT_DIR: /opt/hostedtoolcache/Python/3.11.14/x64
2025-12-12T18:55:48.8574539Z   Python3_ROOT_DIR: /opt/hostedtoolcache/Python/3.11.14/x64
2025-12-12T18:55:48.8574956Z   LD_LIBRARY_PATH: /opt/hostedtoolcache/Python/3.11.14/x64/lib
2025-12-12T18:55:48.8575312Z ##[endgroup]
2025-12-12T18:55:49.4260361Z Creating virtualenv stack-mVHv_5u6-py3.11 in /home/runner/.cache/pypoetry/virtualenvs
2025-12-12T18:55:49.8309390Z Installing dependencies from lock file
2025-12-12T18:55:49.9758719Z 
2025-12-12T18:55:49.9759357Z Package operations: 75 installs, 0 updates, 0 removals
2025-12-12T18:55:49.9759838Z 
2025-12-12T18:55:49.9763750Z   - Installing mdurl (0.1.2)
2025-12-12T18:55:49.9772191Z   - Installing pycparser (2.23)
2025-12-12T18:55:49.9775257Z   - Installing typing-extensions (4.15.0)
2025-12-12T18:55:50.1716926Z   - Installing annotated-types (0.7.0)
2025-12-12T18:55:50.1723348Z   - Installing certifi (2025.11.12)
2025-12-12T18:55:50.1728934Z   - Installing cffi (2.0.0)
2025-12-12T18:55:50.1735408Z   - Installing h11 (0.16.0)
2025-12-12T18:55:50.1752684Z   - Installing idna (3.11)
2025-12-12T18:55:50.1757630Z   - Installing markdown-it-py (4.0.0)
2025-12-12T18:55:50.1770105Z   - Installing packaging (25.0)
2025-12-12T18:55:50.1787107Z   - Installing pydantic-core (2.41.5)
2025-12-12T18:55:50.2282676Z   - Installing pygments (2.19.2)
2025-12-12T18:55:50.2286926Z   - Installing ruamel-yaml-clib (0.2.14)
2025-12-12T18:55:50.3176198Z   - Installing typing-inspection (0.4.2)
2025-12-12T18:55:50.5628404Z   - Installing anyio (4.12.0)
2025-12-12T18:55:50.5634697Z   - Installing charset-normalizer (3.4.4)
2025-12-12T18:55:50.5648856Z   - Installing click (8.1.8)
2025-12-12T18:55:50.5651686Z   - Installing cryptography (46.0.3)
2025-12-12T18:55:50.5661352Z   - Installing dparse (0.6.4)
2025-12-12T18:55:50.5675042Z   - Installing filelock (3.20.0)
2025-12-12T18:55:50.5682543Z   - Installing distlib (0.4.0)
2025-12-12T18:55:50.5694519Z   - Installing httpcore (1.0.9)
2025-12-12T18:55:50.6605597Z   - Installing iniconfig (2.3.0)
2025-12-12T18:55:50.6678794Z   - Installing joblib (1.5.2)
2025-12-12T18:55:50.7006660Z   - Installing markupsafe (3.0.3)
2025-12-12T18:55:50.7400070Z   - Installing platformdirs (4.5.1)
2025-12-12T18:55:50.7422689Z   - Installing pluggy (1.6.0)
2025-12-12T18:55:50.7735841Z   - Installing pydantic (2.12.5)
2025-12-12T18:55:50.7998470Z   - Installing regex (2025.11.3)
2025-12-12T18:55:50.8376292Z   - Installing rich (13.5.3)
2025-12-12T18:55:50.8412845Z   - Installing ruamel-yaml (0.18.16)
2025-12-12T18:55:50.8444977Z   - Installing shellingham (1.5.4)
2025-12-12T18:55:50.8453456Z   - Installing tqdm (4.67.1)
2025-12-12T18:55:50.9297788Z   - Installing urllib3 (2.6.2)
2025-12-12T18:55:51.2011859Z   - Installing attrs (25.4.0)
2025-12-12T18:55:51.2018529Z   - Installing authlib (1.6.6)
2025-12-12T18:55:51.2028301Z   - Installing cfgv (3.5.0)
2025-12-12T18:55:51.2033853Z   - Installing colorama (0.4.6)
2025-12-12T18:55:51.2042980Z   - Installing coverage (7.13.0)
2025-12-12T18:55:51.2047670Z   - Installing dnspython (2.8.0)
2025-12-12T18:55:51.2064526Z   - Installing execnet (2.1.2)
2025-12-12T18:55:51.2073431Z   - Installing httpx (0.28.1)
2025-12-12T18:55:51.2723385Z   - Installing identify (2.6.15)
2025-12-12T18:55:51.2991678Z   - Installing jinja2 (3.1.6)
2025-12-12T18:55:51.3365682Z   - Installing librt (0.7.3)
2025-12-12T18:55:51.3521335Z   - Installing marshmallow (4.1.1)
2025-12-12T18:55:51.3845947Z   - Installing mypy-extensions (1.1.0)
2025-12-12T18:55:51.4019136Z   - Installing nltk (3.9.2)
2025-12-12T18:55:51.4488556Z   - Installing nodeenv (1.9.1)
2025-12-12T18:55:51.4725005Z   - Installing pathspec (0.12.1)
2025-12-12T18:55:51.4768439Z   - Installing py (1.11.0)
2025-12-12T18:55:51.4990096Z   - Installing pytest (9.0.2)
2025-12-12T18:55:51.5030910Z   - Installing pyyaml (6.0.3)
2025-12-12T18:55:51.5358838Z   - Installing requests (2.32.5)
2025-12-12T18:55:51.5847152Z   - Installing safety-schemas (0.0.16)
2025-12-12T18:55:51.6629862Z   - Installing sortedcontainers (2.4.0)
2025-12-12T18:55:51.6989699Z   - Installing stevedore (5.6.0)
2025-12-12T18:55:51.7032820Z   - Installing tabulate (0.9.0)
2025-12-12T18:55:51.7235903Z   - Installing tenacity (9.1.2)
2025-12-12T18:55:51.7476669Z   - Installing tomlkit (0.13.3)
2025-12-12T18:55:51.7774131Z   - Installing typer (0.20.0)
2025-12-12T18:55:51.7831457Z   - Installing virtualenv (20.35.4)
2025-12-12T18:55:52.0531469Z   - Installing bandit (1.9.2)
2025-12-12T18:55:52.0536942Z   - Installing email-validator (2.3.0)
2025-12-12T18:55:52.0544819Z   - Installing hypothesis (6.148.7)
2025-12-12T18:55:52.0551540Z   - Installing interrogate (1.7.0)
2025-12-12T18:55:52.0566203Z   - Installing mypy (1.19.0)
2025-12-12T18:55:52.0575367Z   - Installing orjson (3.11.5)
2025-12-12T18:55:52.0582445Z   - Installing pre-commit (4.5.0)
2025-12-12T18:55:52.0589179Z   - Installing pytest-cov (7.0.0)
2025-12-12T18:55:52.1370995Z   - Installing pytest-timeout (2.4.0)
2025-12-12T18:55:52.1463426Z   - Installing pytest-xdist (3.8.0)
2025-12-12T18:55:52.1512238Z   - Installing ruff (0.14.9)
2025-12-12T18:55:52.1893245Z   - Installing safety (3.7.0)
2025-12-12T18:55:52.2200730Z   - Installing vulture (2.14)
2025-12-12T18:55:53.1984721Z 
2025-12-12T18:55:53.1985223Z Installing the current project: stack (2.0.0)
2025-12-12T18:55:53.3175450Z ##[group]Run poetry run mypy src/ --strict
2025-12-12T18:55:53.3175793Z [36;1mpoetry run mypy src/ --strict[0m
2025-12-12T18:55:53.3209093Z shell: /usr/bin/bash -e {0}
2025-12-12T18:55:53.3209305Z env:
2025-12-12T18:55:53.3209488Z   PYTHON_VERSION_DEFAULT: 3.11
2025-12-12T18:55:53.3209779Z   pythonLocation: /opt/hostedtoolcache/Python/3.11.14/x64
2025-12-12T18:55:53.3210163Z   PKG_CONFIG_PATH: /opt/hostedtoolcache/Python/3.11.14/x64/lib/pkgconfig
2025-12-12T18:55:53.3210546Z   Python_ROOT_DIR: /opt/hostedtoolcache/Python/3.11.14/x64
2025-12-12T18:55:53.3210887Z   Python2_ROOT_DIR: /opt/hostedtoolcache/Python/3.11.14/x64
2025-12-12T18:55:53.3211282Z   Python3_ROOT_DIR: /opt/hostedtoolcache/Python/3.11.14/x64
2025-12-12T18:55:53.3211640Z   LD_LIBRARY_PATH: /opt/hostedtoolcache/Python/3.11.14/x64/lib
2025-12-12T18:55:53.3212099Z ##[endgroup]
2025-12-12T18:55:57.5359273Z src/stack/security/sanitizers.py:187: error: Need type annotation for "parts" (hint: "parts: list[<type>] = ...")  [var-annotated]
2025-12-12T18:55:57.9845108Z src/stack/utils/subprocess.py:208: error: Argument "stdout" to "SafeCommandResult" has incompatible type "bytes | str"; expected "str"  [arg-type]
2025-12-12T18:55:59.6636212Z Found 2 errors in 2 files (checked 15 source files)
2025-12-12T18:55:59.6816294Z ##[error]Process completed with exit code 1.
2025-12-12T18:55:59.6915001Z Post job cleanup.
2025-12-12T18:55:59.7889540Z [command]/usr/bin/git version
2025-12-12T18:55:59.7927641Z git version 2.52.0
2025-12-12T18:55:59.7972523Z Temporarily overriding HOME='/home/runner/work/_temp/6c6b6859-0db6-431b-a34b-3dcda14bf20a' before making global git config changes
2025-12-12T18:55:59.7973811Z Adding repository directory to the temporary git global config as a safe directory
2025-12-12T18:55:59.7979012Z [command]/usr/bin/git config --global --add safe.directory /home/runner/work/Stack/Stack
2025-12-12T18:55:59.8018705Z [command]/usr/bin/git config --local --name-only --get-regexp core\.sshCommand
2025-12-12T18:55:59.8053016Z [command]/usr/bin/git submodule foreach --recursive sh -c "git config --local --name-only --get-regexp 'core\.sshCommand' && git config --local --unset-all 'core.sshCommand' || :"
2025-12-12T18:55:59.8294337Z [command]/usr/bin/git config --local --name-only --get-regexp http\.https\:\/\/github\.com\/\.extraheader
2025-12-12T18:55:59.8317975Z http.https://github.com/.extraheader
2025-12-12T18:55:59.8330675Z [command]/usr/bin/git config --local --unset-all http.https://github.com/.extraheader
2025-12-12T18:55:59.8361569Z [command]/usr/bin/git submodule foreach --recursive sh -c "git config --local --name-only --get-regexp 'http\.https\:\/\/github\.com\/\.extraheader' && git config --local --unset-all 'http.https://github.com/.extraheader' || :"
2025-12-12T18:55:59.8593232Z [command]/usr/bin/git config --local --name-only --get-regexp ^includeIf\.gitdir:
2025-12-12T18:55:59.8628221Z [command]/usr/bin/git submodule foreach --recursive git config --local --show-origin --name-only --get-regexp remote.origin.url
2025-12-12T18:55:59.8964928Z Cleaning up orphan processes
