2025-12-12T18:55:37.7689210Z Current runner version: '2.329.0'
2025-12-12T18:55:37.7704580Z ##[group]Runner Image Provisioner
2025-12-12T18:55:37.7705050Z Hosted Compute Agent
2025-12-12T18:55:37.7705380Z Version: 20251211.462
2025-12-12T18:55:37.7705750Z Commit: 6cbad8c2bb55d58165063d031ccabf57e2d2db61
2025-12-12T18:55:37.7706180Z Build Date: 2025-12-11T16:28:49Z
2025-12-12T18:55:37.7706590Z Worker ID: {623cbea2-8635-408e-9558-949c06ea23d0}
2025-12-12T18:55:37.7707260Z ##[endgroup]
2025-12-12T18:55:37.7707630Z ##[group]Operating System
2025-12-12T18:55:37.7707980Z macOS
2025-12-12T18:55:37.7708260Z 15.7.2
2025-12-12T18:55:37.7708530Z 24G325
2025-12-12T18:55:37.7708800Z ##[endgroup]
2025-12-12T18:55:37.7709090Z ##[group]Runner Image
2025-12-12T18:55:37.7709410Z Image: macos-15-arm64
2025-12-12T18:55:37.7709740Z Version: 20251203.0057.1
2025-12-12T18:55:37.7710490Z Included Software: https://github.com/actions/runner-images/blob/macos-15-arm64/20251203.0057.1/images/macos/macos-15-arm64-Readme.md
2025-12-12T18:55:37.7711540Z Image Release: https://github.com/actions/runner-images/releases/tag/macos-15-arm64%2F20251203.0057.1
2025-12-12T18:55:37.7712140Z ##[endgroup]
2025-12-12T18:55:37.7712820Z ##[group]GITHUB_TOKEN Permissions
2025-12-12T18:55:37.7713850Z Contents: read
2025-12-12T18:55:37.7714150Z Metadata: read
2025-12-12T18:55:37.7714450Z Packages: read
2025-12-12T18:55:37.7714740Z ##[endgroup]
2025-12-12T18:55:37.7716720Z Secret source: Actions
2025-12-12T18:55:37.7717130Z Prepare workflow directory
2025-12-12T18:55:37.7994740Z Prepare all required actions
2025-12-12T18:55:37.8061110Z Getting action download info
2025-12-12T18:55:38.0390560Z Download action repository 'actions/checkout@v4' (SHA:34e114876b0b11c390a56381ad16ebd13914f8d5)
2025-12-12T18:55:39.4651690Z Download action repository 'actions/setup-python@v5' (SHA:a26af69be951a213d495a4c3e4e4022e16d87065)
2025-12-12T18:55:39.5688780Z Download action repository 'actions/cache@v4' (SHA:0057852bfaa89a56745cba8c7296529d2fc39830)
2025-12-12T18:55:39.6985400Z Download action repository 'codecov/codecov-action@v4' (SHA:b9fd7d16f6d7d1b5d2bec1a2887e65ceed900238)
2025-12-12T18:55:41.0948110Z Complete job name: Test Python 3.11 on macos-latest
2025-12-12T18:55:41.1648710Z ##[group]Run actions/checkout@v4
2025-12-12T18:55:41.1649660Z with:
2025-12-12T18:55:41.1650130Z   repository: gabrielima7/Stack
2025-12-12T18:55:41.1650990Z   token: ***
2025-12-12T18:55:41.1651430Z   ssh-strict: true
2025-12-12T18:55:41.1651890Z   ssh-user: git
2025-12-12T18:55:41.1652360Z   persist-credentials: true
2025-12-12T18:55:41.1652880Z   clean: true
2025-12-12T18:55:41.1653350Z   sparse-checkout-cone-mode: true
2025-12-12T18:55:41.1653950Z   fetch-depth: 1
2025-12-12T18:55:41.1654400Z   fetch-tags: false
2025-12-12T18:55:41.1654880Z   show-progress: true
2025-12-12T18:55:41.1655360Z   lfs: false
2025-12-12T18:55:41.1655790Z   submodules: false
2025-12-12T18:55:41.1656270Z   set-safe-directory: true
2025-12-12T18:55:41.1656920Z env:
2025-12-12T18:55:41.1657380Z   PYTHON_VERSION_DEFAULT: 3.11
2025-12-12T18:55:41.1657950Z ##[endgroup]
2025-12-12T18:55:41.6596520Z Syncing repository: gabrielima7/Stack
2025-12-12T18:55:41.6597740Z ##[group]Getting Git version info
2025-12-12T18:55:41.6598080Z Working directory is '/Users/runner/work/Stack/Stack'
2025-12-12T18:55:41.6598520Z [command]/opt/homebrew/bin/git version
2025-12-12T18:55:41.6866610Z git version 2.50.1
2025-12-12T18:55:41.6905370Z ##[endgroup]
2025-12-12T18:55:41.6934030Z Copying '/Users/runner/.gitconfig' to '/Users/runner/work/_temp/0c25c93f-f31c-4790-acb6-b766cde476a9/.gitconfig'
2025-12-12T18:55:41.6940970Z Temporarily overriding HOME='/Users/runner/work/_temp/0c25c93f-f31c-4790-acb6-b766cde476a9' before making global git config changes
2025-12-12T18:55:41.6941720Z Adding repository directory to the temporary git global config as a safe directory
2025-12-12T18:55:41.6949300Z [command]/opt/homebrew/bin/git config --global --add safe.directory /Users/runner/work/Stack/Stack
2025-12-12T18:55:41.7061570Z Deleting the contents of '/Users/runner/work/Stack/Stack'
2025-12-12T18:55:41.7065210Z ##[group]Initializing the repository
2025-12-12T18:55:41.7074030Z [command]/opt/homebrew/bin/git init /Users/runner/work/Stack/Stack
2025-12-12T18:55:41.7445350Z hint: Using 'master' as the name for the initial branch. This default branch name
2025-12-12T18:55:41.7449130Z hint: is subject to change. To configure the initial branch name to use in all
2025-12-12T18:55:41.7450780Z hint: of your new repositories, which will suppress this warning, call:
2025-12-12T18:55:41.7455330Z hint:
2025-12-12T18:55:41.7456730Z hint: 	git config --global init.defaultBranch <name>
2025-12-12T18:55:41.7457660Z hint:
2025-12-12T18:55:41.7458050Z hint: Names commonly chosen instead of 'master' are 'main', 'trunk' and
2025-12-12T18:55:41.7458590Z hint: 'development'. The just-created branch can be renamed via this command:
2025-12-12T18:55:41.7459020Z hint:
2025-12-12T18:55:41.7459460Z hint: 	git branch -m <name>
2025-12-12T18:55:41.7459770Z hint:
2025-12-12T18:55:41.7460170Z hint: Disable this message with "git config set advice.defaultBranchName false"
2025-12-12T18:55:41.7461310Z Initialized empty Git repository in /Users/runner/work/Stack/Stack/.git/
2025-12-12T18:55:41.7473800Z [command]/opt/homebrew/bin/git remote add origin https://github.com/gabrielima7/Stack
2025-12-12T18:55:41.7564860Z ##[endgroup]
2025-12-12T18:55:41.7565250Z ##[group]Disabling automatic garbage collection
2025-12-12T18:55:41.7567060Z [command]/opt/homebrew/bin/git config --local gc.auto 0
2025-12-12T18:55:41.7639400Z ##[endgroup]
2025-12-12T18:55:41.7640200Z ##[group]Setting up auth
2025-12-12T18:55:41.7644520Z [command]/opt/homebrew/bin/git config --local --name-only --get-regexp core\.sshCommand
2025-12-12T18:55:41.7711770Z [command]/opt/homebrew/bin/git submodule foreach --recursive sh -c "git config --local --name-only --get-regexp 'core\.sshCommand' && git config --local --unset-all 'core.sshCommand' || :"
2025-12-12T18:55:41.9724890Z [command]/opt/homebrew/bin/git config --local --name-only --get-regexp http\.https\:\/\/github\.com\/\.extraheader
2025-12-12T18:55:41.9732310Z [command]/opt/homebrew/bin/git submodule foreach --recursive sh -c "git config --local --name-only --get-regexp 'http\.https\:\/\/github\.com\/\.extraheader' && git config --local --unset-all 'http.https://github.com/.extraheader' || :"
2025-12-12T18:55:42.0755890Z [command]/opt/homebrew/bin/git config --local --name-only --get-regexp ^includeIf\.gitdir:
2025-12-12T18:55:42.0842510Z [command]/opt/homebrew/bin/git submodule foreach --recursive git config --local --show-origin --name-only --get-regexp remote.origin.url
2025-12-12T18:55:42.1818350Z [command]/opt/homebrew/bin/git config --local http.https://github.com/.extraheader AUTHORIZATION: basic ***
2025-12-12T18:55:42.1894750Z ##[endgroup]
2025-12-12T18:55:42.1895700Z ##[group]Fetching the repository
2025-12-12T18:55:42.1900510Z [command]/opt/homebrew/bin/git -c protocol.version=2 fetch --no-tags --prune --no-recurse-submodules --depth=1 origin +265f2b5c1d4934c9f9ad4d635b5ad0997efee979:refs/remotes/origin/main
2025-12-12T18:55:43.0493490Z From https://github.com/gabrielima7/Stack
2025-12-12T18:55:43.0494150Z  * [new ref]         265f2b5c1d4934c9f9ad4d635b5ad0997efee979 -> origin/main
2025-12-12T18:55:43.0608270Z ##[endgroup]
2025-12-12T18:55:43.0609570Z ##[group]Determining the checkout info
2025-12-12T18:55:43.0610070Z ##[endgroup]
2025-12-12T18:55:43.0610570Z [command]/opt/homebrew/bin/git sparse-checkout disable
2025-12-12T18:55:43.0712640Z [command]/opt/homebrew/bin/git config --local --unset-all extensions.worktreeConfig
2025-12-12T18:55:43.1545370Z ##[group]Checking out the ref
2025-12-12T18:55:43.1548260Z [command]/opt/homebrew/bin/git checkout --progress --force -B main refs/remotes/origin/main
2025-12-12T18:55:43.1714000Z Switched to a new branch 'main'
2025-12-12T18:55:43.1815230Z branch 'main' set up to track 'origin/main'.
2025-12-12T18:55:43.2039490Z ##[endgroup]
2025-12-12T18:55:43.2040770Z [command]/opt/homebrew/bin/git log -1 --format=%H
2025-12-12T18:55:43.2041180Z 265f2b5c1d4934c9f9ad4d635b5ad0997efee979
2025-12-12T18:55:43.2141510Z ##[group]Run actions/setup-python@v5
2025-12-12T18:55:43.2141710Z with:
2025-12-12T18:55:43.2141840Z   python-version: 3.11
2025-12-12T18:55:43.2141990Z   check-latest: false
2025-12-12T18:55:43.2142210Z   token: ***
2025-12-12T18:55:43.2142370Z   update-environment: true
2025-12-12T18:55:43.2142530Z   allow-prereleases: false
2025-12-12T18:55:43.2142680Z   freethreaded: false
2025-12-12T18:55:43.2142810Z env:
2025-12-12T18:55:43.2142940Z   PYTHON_VERSION_DEFAULT: 3.11
2025-12-12T18:55:43.2143160Z ##[endgroup]
2025-12-12T18:55:43.3434340Z ##[group]Installed versions
2025-12-12T18:55:43.3507690Z Successfully set up CPython (3.11.9)
2025-12-12T18:55:43.3508170Z ##[endgroup]
2025-12-12T18:55:43.3579200Z ##[group]Run pipx install poetry
2025-12-12T18:55:43.3579540Z [36;1mpipx install poetry[0m
2025-12-12T18:55:43.3624230Z shell: /bin/bash -e {0}
2025-12-12T18:55:43.3624460Z env:
2025-12-12T18:55:43.3641450Z   PYTHON_VERSION_DEFAULT: 3.11
2025-12-12T18:55:43.3641800Z   pythonLocation: /Users/runner/hostedtoolcache/Python/3.11.9/arm64
2025-12-12T18:55:43.3642240Z   PKG_CONFIG_PATH: /Users/runner/hostedtoolcache/Python/3.11.9/arm64/lib/pkgconfig
2025-12-12T18:55:43.3642620Z   Python_ROOT_DIR: /Users/runner/hostedtoolcache/Python/3.11.9/arm64
2025-12-12T18:55:43.3642950Z   Python2_ROOT_DIR: /Users/runner/hostedtoolcache/Python/3.11.9/arm64
2025-12-12T18:55:43.3643350Z   Python3_ROOT_DIR: /Users/runner/hostedtoolcache/Python/3.11.9/arm64
2025-12-12T18:55:43.3643610Z ##[endgroup]
2025-12-12T18:55:43.7179780Z creating virtual environment...
2025-12-12T18:55:43.7787570Z creating shared libraries...
2025-12-12T18:55:46.3560340Z upgrading shared libraries...
2025-12-12T18:55:48.6927260Z installing poetry...
2025-12-12T18:55:53.9452170Z done! ✨ 🌟 ✨
2025-12-12T18:55:53.9453550Z   installed package poetry 2.2.1, installed using Python 3.14.0
2025-12-12T18:55:53.9453930Z   These apps are now globally available
2025-12-12T18:55:53.9454220Z     - poetry
2025-12-12T18:55:53.9656040Z ##[group]Run poetry config virtualenvs.in-project true
2025-12-12T18:55:53.9656730Z [36;1mpoetry config virtualenvs.in-project true[0m
2025-12-12T18:55:53.9692530Z shell: /bin/bash -e {0}
2025-12-12T18:55:53.9692810Z env:
2025-12-12T18:55:53.9693010Z   PYTHON_VERSION_DEFAULT: 3.11
2025-12-12T18:55:53.9693330Z   pythonLocation: /Users/runner/hostedtoolcache/Python/3.11.9/arm64
2025-12-12T18:55:53.9693800Z   PKG_CONFIG_PATH: /Users/runner/hostedtoolcache/Python/3.11.9/arm64/lib/pkgconfig
2025-12-12T18:55:53.9694200Z   Python_ROOT_DIR: /Users/runner/hostedtoolcache/Python/3.11.9/arm64
2025-12-12T18:55:53.9694590Z   Python2_ROOT_DIR: /Users/runner/hostedtoolcache/Python/3.11.9/arm64
2025-12-12T18:55:53.9694960Z   Python3_ROOT_DIR: /Users/runner/hostedtoolcache/Python/3.11.9/arm64
2025-12-12T18:55:53.9695350Z ##[endgroup]
2025-12-12T18:55:54.6873770Z ##[group]Run actions/cache@v4
2025-12-12T18:55:54.6874170Z with:
2025-12-12T18:55:54.6874370Z   path: .venv
2025-12-12T18:55:54.6874780Z   key: macOS-poetry-3.11-dddbcec77aace8ea46b8e4dc49af4adbf8a33d76eb561e7fb5c3f00a438f980a
2025-12-12T18:55:54.6875190Z   restore-keys: macOS-poetry-3.11-

2025-12-12T18:55:54.6875520Z   enableCrossOsArchive: false
2025-12-12T18:55:54.6875760Z   fail-on-cache-miss: false
2025-12-12T18:55:54.6875980Z   lookup-only: false
2025-12-12T18:55:54.6876220Z   save-always: false
2025-12-12T18:55:54.6876400Z env:
2025-12-12T18:55:54.6876590Z   PYTHON_VERSION_DEFAULT: 3.11
2025-12-12T18:55:54.6876900Z   pythonLocation: /Users/runner/hostedtoolcache/Python/3.11.9/arm64
2025-12-12T18:55:54.6877330Z   PKG_CONFIG_PATH: /Users/runner/hostedtoolcache/Python/3.11.9/arm64/lib/pkgconfig
2025-12-12T18:55:54.6877710Z   Python_ROOT_DIR: /Users/runner/hostedtoolcache/Python/3.11.9/arm64
2025-12-12T18:55:54.6878130Z   Python2_ROOT_DIR: /Users/runner/hostedtoolcache/Python/3.11.9/arm64
2025-12-12T18:55:54.6878540Z   Python3_ROOT_DIR: /Users/runner/hostedtoolcache/Python/3.11.9/arm64
2025-12-12T18:55:54.6878860Z ##[endgroup]
2025-12-12T18:55:54.8916670Z Cache not found for input keys: macOS-poetry-3.11-dddbcec77aace8ea46b8e4dc49af4adbf8a33d76eb561e7fb5c3f00a438f980a, macOS-poetry-3.11-
2025-12-12T18:55:54.9023070Z ##[group]Run poetry install --with dev
2025-12-12T18:55:54.9023350Z [36;1mpoetry install --with dev[0m
2025-12-12T18:55:54.9058490Z shell: /bin/bash -e {0}
2025-12-12T18:55:54.9058650Z env:
2025-12-12T18:55:54.9058880Z   PYTHON_VERSION_DEFAULT: 3.11
2025-12-12T18:55:54.9059140Z   pythonLocation: /Users/runner/hostedtoolcache/Python/3.11.9/arm64
2025-12-12T18:55:54.9060150Z   PKG_CONFIG_PATH: /Users/runner/hostedtoolcache/Python/3.11.9/arm64/lib/pkgconfig
2025-12-12T18:55:54.9060610Z   Python_ROOT_DIR: /Users/runner/hostedtoolcache/Python/3.11.9/arm64
2025-12-12T18:55:54.9060970Z   Python2_ROOT_DIR: /Users/runner/hostedtoolcache/Python/3.11.9/arm64
2025-12-12T18:55:54.9061360Z   Python3_ROOT_DIR: /Users/runner/hostedtoolcache/Python/3.11.9/arm64
2025-12-12T18:55:54.9061620Z ##[endgroup]
2025-12-12T18:55:55.5815360Z Creating virtualenv stack in /Users/runner/work/Stack/Stack/.venv
2025-12-12T18:55:56.0308890Z Installing dependencies from lock file
2025-12-12T18:55:56.1481060Z 
2025-12-12T18:55:56.1485320Z Package operations: 75 installs, 0 updates, 0 removals
2025-12-12T18:55:56.1485620Z 
2025-12-12T18:55:56.1489320Z   - Installing mdurl (0.1.2)
2025-12-12T18:55:56.1495360Z   - Installing pycparser (2.23)
2025-12-12T18:55:56.1502820Z   - Installing typing-extensions (4.15.0)
2025-12-12T18:55:56.4331550Z   - Installing annotated-types (0.7.0)
2025-12-12T18:55:56.4433340Z   - Installing cffi (2.0.0)
2025-12-12T18:55:56.4536330Z   - Installing h11 (0.16.0)
2025-12-12T18:55:56.4637580Z   - Installing certifi (2025.11.12)
2025-12-12T18:55:56.4739240Z   - Installing idna (3.11)
2025-12-12T18:55:56.4839530Z   - Installing markdown-it-py (4.0.0)
2025-12-12T18:55:56.4943990Z   - Installing packaging (25.0)
2025-12-12T18:55:56.5979550Z   - Installing pydantic-core (2.41.5)
2025-12-12T18:55:56.6182520Z   - Installing pygments (2.19.2)
2025-12-12T18:55:56.6386320Z   - Installing ruamel-yaml-clib (0.2.14)
2025-12-12T18:55:56.6695300Z   - Installing typing-inspection (0.4.2)
2025-12-12T18:55:56.9274240Z   - Installing anyio (4.12.0)
2025-12-12T18:55:56.9278670Z   - Installing distlib (0.4.0)
2025-12-12T18:55:56.9281530Z   - Installing filelock (3.20.0)
2025-12-12T18:55:56.9287680Z   - Installing dparse (0.6.4)
2025-12-12T18:55:56.9288260Z   - Installing charset-normalizer (3.4.4)
2025-12-12T18:55:56.9302510Z   - Installing cryptography (46.0.3)
2025-12-12T18:55:56.9303040Z   - Installing click (8.1.8)
2025-12-12T18:55:57.1052550Z   - Installing httpcore (1.0.9)
2025-12-12T18:55:57.1152780Z   - Installing iniconfig (2.3.0)
2025-12-12T18:55:57.1408300Z   - Installing joblib (1.5.2)
2025-12-12T18:55:57.2074520Z   - Installing markupsafe (3.0.3)
2025-12-12T18:55:57.2286390Z   - Installing platformdirs (4.5.1)
2025-12-12T18:55:57.3056050Z   - Installing pluggy (1.6.0)
2025-12-12T18:55:57.3158310Z   - Installing pydantic (2.12.5)
2025-12-12T18:55:57.3966420Z   - Installing regex (2025.11.3)
2025-12-12T18:55:57.4837370Z   - Installing rich (13.5.3)
2025-12-12T18:55:57.4837780Z   - Installing ruamel-yaml (0.18.16)
2025-12-12T18:55:57.5069400Z   - Installing shellingham (1.5.4)
2025-12-12T18:55:57.6167680Z   - Installing tqdm (4.67.1)
2025-12-12T18:55:57.6671130Z   - Installing urllib3 (2.6.2)
2025-12-12T18:55:57.8670440Z   - Installing attrs (25.4.0)
2025-12-12T18:55:57.8679730Z   - Installing authlib (1.6.6)
2025-12-12T18:55:57.8681090Z   - Installing cfgv (3.5.0)
2025-12-12T18:55:57.8691630Z   - Installing execnet (2.1.2)
2025-12-12T18:55:57.8697770Z   - Installing dnspython (2.8.0)
2025-12-12T18:55:57.8707400Z   - Installing colorama (0.4.6)
2025-12-12T18:55:57.8721730Z   - Installing coverage (7.13.0)
2025-12-12T18:55:58.0107530Z   - Installing httpx (0.28.1)
2025-12-12T18:55:58.0208290Z   - Installing identify (2.6.15)
2025-12-12T18:55:58.0265300Z   - Installing jinja2 (3.1.6)
2025-12-12T18:55:58.0436140Z   - Installing librt (0.7.3)
2025-12-12T18:55:58.0892690Z   - Installing marshmallow (4.1.1)
2025-12-12T18:55:58.1262870Z   - Installing mypy-extensions (1.1.0)
2025-12-12T18:55:58.1484740Z   - Installing nltk (3.9.2)
2025-12-12T18:55:58.1503340Z   - Installing nodeenv (1.9.1)
2025-12-12T18:55:58.1540510Z   - Installing pathspec (0.12.1)
2025-12-12T18:55:58.2041150Z   - Installing py (1.11.0)
2025-12-12T18:55:58.2218830Z   - Installing pytest (9.0.2)
2025-12-12T18:55:58.2648640Z   - Installing pyyaml (6.0.3)
2025-12-12T18:55:58.2655830Z   - Installing requests (2.32.5)
2025-12-12T18:55:58.2903830Z   - Installing safety-schemas (0.0.16)
2025-12-12T18:55:58.3459480Z   - Installing sortedcontainers (2.4.0)
2025-12-12T18:55:58.3621060Z   - Installing stevedore (5.6.0)
2025-12-12T18:55:58.3765250Z   - Installing tabulate (0.9.0)
2025-12-12T18:55:58.3944920Z   - Installing tenacity (9.1.2)
2025-12-12T18:55:58.4112790Z   - Installing tomlkit (0.13.3)
2025-12-12T18:55:58.4250830Z   - Installing typer (0.20.0)
2025-12-12T18:55:58.4524850Z   - Installing virtualenv (20.35.4)
2025-12-12T18:55:58.8434430Z   - Installing bandit (1.9.2)
2025-12-12T18:55:58.8537200Z   - Installing hypothesis (6.148.7)
2025-12-12T18:55:58.8649890Z   - Installing interrogate (1.7.0)
2025-12-12T18:55:58.8755100Z   - Installing mypy (1.19.0)
2025-12-12T18:55:58.8866410Z   - Installing orjson (3.11.5)
2025-12-12T18:55:58.8968810Z   - Installing pre-commit (4.5.0)
2025-12-12T18:55:58.9069760Z   - Installing email-validator (2.3.0)
2025-12-12T18:55:59.0202300Z   - Installing pytest-cov (7.0.0)
2025-12-12T18:55:59.0308710Z   - Installing pytest-timeout (2.4.0)
2025-12-12T18:55:59.1087960Z   - Installing pytest-xdist (3.8.0)
2025-12-12T18:55:59.1524050Z   - Installing ruff (0.14.9)
2025-12-12T18:55:59.1634610Z   - Installing safety (3.7.0)
2025-12-12T18:55:59.2342420Z   - Installing vulture (2.14)
2025-12-12T18:56:00.4498720Z 
2025-12-12T18:56:00.4511890Z Installing the current project: stack (2.0.0)
2025-12-12T18:56:00.6808990Z ##[group]Run poetry run pytest tests/ -v --cov=src --cov-report=xml --cov-report=term --timeout=60
2025-12-12T18:56:00.6809700Z [36;1mpoetry run pytest tests/ -v --cov=src --cov-report=xml --cov-report=term --timeout=60[0m
2025-12-12T18:56:00.6849670Z shell: /bin/bash -e {0}
2025-12-12T18:56:00.6849880Z env:
2025-12-12T18:56:00.6850140Z   PYTHON_VERSION_DEFAULT: 3.11
2025-12-12T18:56:00.6850450Z   pythonLocation: /Users/runner/hostedtoolcache/Python/3.11.9/arm64
2025-12-12T18:56:00.6850880Z   PKG_CONFIG_PATH: /Users/runner/hostedtoolcache/Python/3.11.9/arm64/lib/pkgconfig
2025-12-12T18:56:00.6851290Z   Python_ROOT_DIR: /Users/runner/hostedtoolcache/Python/3.11.9/arm64
2025-12-12T18:56:00.6851750Z   Python2_ROOT_DIR: /Users/runner/hostedtoolcache/Python/3.11.9/arm64
2025-12-12T18:56:00.6852130Z   Python3_ROOT_DIR: /Users/runner/hostedtoolcache/Python/3.11.9/arm64
2025-12-12T18:56:00.6852420Z ##[endgroup]
2025-12-12T18:56:02.8407020Z ============================= test session starts ==============================
2025-12-12T18:56:02.8407670Z platform darwin -- Python 3.11.9, pytest-9.0.2, pluggy-1.6.0 -- /Users/runner/work/Stack/Stack/.venv/bin/python
2025-12-12T18:56:02.8408060Z cachedir: .pytest_cache
2025-12-12T18:56:02.8408640Z hypothesis profile 'ci' -> database=None, deadline=None, print_blob=True, derandomize=True, suppress_health_check=(HealthCheck.too_slow,)
2025-12-12T18:56:02.8409160Z rootdir: /Users/runner/work/Stack/Stack
2025-12-12T18:56:02.8409460Z configfile: pyproject.toml
2025-12-12T18:56:02.8409770Z plugins: anyio-4.12.0, xdist-3.8.0, timeout-2.4.0, hypothesis-6.148.7, cov-7.0.0
2025-12-12T18:56:02.8410230Z timeout: 60.0s
2025-12-12T18:56:02.8410380Z timeout method: signal
2025-12-12T18:56:02.8410620Z timeout func_only: False
2025-12-12T18:56:03.1526670Z collecting ... collected 74 items
2025-12-12T18:56:03.1527110Z 
2025-12-12T18:56:03.1542770Z tests/test_config_models.py::TestSecurityConfig::test_default_values PASSED [  1%]
2025-12-12T18:56:03.1562230Z tests/test_config_models.py::TestSecurityConfig::test_paranoid_level PASSED [  2%]
2025-12-12T18:56:03.1578700Z tests/test_config_models.py::TestSecurityConfig::test_frozen_config PASSED [  4%]
2025-12-12T18:56:03.1585770Z tests/test_config_models.py::TestSecurityConfig::test_extra_fields_forbidden PASSED [  5%]
2025-12-12T18:56:03.1592670Z tests/test_config_models.py::TestDependencyConfig::test_default_values PASSED [  6%]
2025-12-12T18:56:03.1600530Z tests/test_config_models.py::TestDependencyConfig::test_custom_dependencies PASSED [  8%]
2025-12-12T18:56:03.1606710Z tests/test_config_models.py::TestLoggingConfig::test_default_values PASSED [  9%]
2025-12-12T18:56:03.1614110Z tests/test_config_models.py::TestLoggingConfig::test_valid_levels PASSED [ 10%]
2025-12-12T18:56:03.1629120Z tests/test_config_models.py::TestLoggingConfig::test_invalid_level_rejected PASSED [ 12%]
2025-12-12T18:56:03.1640810Z tests/test_config_models.py::TestStackConfig::test_default_values PASSED [ 13%]
2025-12-12T18:56:03.1648700Z tests/test_config_models.py::TestStackConfig::test_valid_project_name PASSED [ 14%]
2025-12-12T18:56:03.1659010Z tests/test_config_models.py::TestStackConfig::test_invalid_project_name_rejected PASSED [ 16%]
2025-12-12T18:56:03.1687340Z tests/test_config_models.py::TestStackConfig::test_valid_python_version PASSED [ 17%]
2025-12-12T18:56:03.1695040Z tests/test_config_models.py::TestStackConfig::test_invalid_python_version_rejected PASSED [ 18%]
2025-12-12T18:56:03.1817250Z tests/test_config_models.py::TestStackConfig::test_path_traversal_rejected PASSED [ 20%]
2025-12-12T18:56:03.1833850Z tests/test_config_models.py::TestStackConfig::test_paranoid_requires_all_tools PASSED [ 21%]
2025-12-12T18:56:03.1841470Z tests/test_config_models.py::TestStackConfig::test_to_target_version PASSED [ 22%]
2025-12-12T18:56:03.1849830Z tests/test_config_models.py::TestStackConfig::test_nested_configs PASSED [ 24%]
2025-12-12T18:56:03.1856690Z tests/test_example.py::test_greet PASSED                                 [ 25%]
2025-12-12T18:56:03.1865700Z tests/test_example.py::test_greet_empty PASSED                           [ 27%]
2025-12-12T18:56:03.2487950Z tests/test_secure_system.py::test_create_user_success PASSED             [ 28%]
2025-12-12T18:56:03.2494660Z tests/test_secure_system.py::test_create_user_invalid_email PASSED       [ 29%]
2025-12-12T18:56:03.2521680Z tests/test_secure_system.py::test_create_user_invalid_username PASSED    [ 31%]
2025-12-12T18:56:03.2522840Z tests/test_secure_system.py::test_get_non_existent_user PASSED           [ 32%]
2025-12-12T18:56:03.2539270Z tests/test_security_guards.py::TestGuardPathTraversal::test_safe_path_passes PASSED [ 33%]
2025-12-12T18:56:03.2564390Z tests/test_security_guards.py::TestGuardPathTraversal::test_relative_path_within_base PASSED [ 35%]
2025-12-12T18:56:03.2575960Z tests/test_security_guards.py::TestGuardPathTraversal::test_path_traversal_blocked PASSED [ 36%]
2025-12-12T18:56:03.2587740Z tests/test_security_guards.py::TestGuardPathTraversal::test_double_dot_blocked PASSED [ 37%]
2025-12-12T18:56:03.2599850Z tests/test_security_guards.py::TestGuardPathTraversal::test_url_encoded_traversal_blocked PASSED [ 39%]
2025-12-12T18:56:03.2615360Z tests/test_security_guards.py::TestGuardPathTraversal::test_path_escapes_base_dir PASSED [ 40%]
2025-12-12T18:56:03.2622070Z tests/test_security_guards.py::TestGuardCommandInjection::test_safe_command_passes PASSED [ 41%]
2025-12-12T18:56:03.2629350Z tests/test_security_guards.py::TestGuardCommandInjection::test_empty_command_blocked PASSED [ 43%]
2025-12-12T18:56:03.2635640Z tests/test_security_guards.py::TestGuardCommandInjection::test_semicolon_blocked PASSED [ 44%]
2025-12-12T18:56:03.2642240Z tests/test_security_guards.py::TestGuardCommandInjection::test_pipe_blocked PASSED [ 45%]
2025-12-12T18:56:03.2650390Z tests/test_security_guards.py::TestGuardCommandInjection::test_backtick_blocked PASSED [ 47%]
2025-12-12T18:56:03.2657210Z tests/test_security_guards.py::TestGuardCommandInjection::test_dollar_expansion_blocked PASSED [ 48%]
2025-12-12T18:56:03.2664690Z tests/test_security_guards.py::TestGuardCommandInjection::test_allowed_commands_whitelist PASSED [ 50%]
2025-12-12T18:56:03.2671020Z tests/test_security_guards.py::TestGuardCommandInjection::test_command_not_in_whitelist_blocked PASSED [ 51%]
2025-12-12T18:56:03.2677840Z tests/test_security_guards.py::TestGuardFileExtension::test_safe_extension_passes PASSED [ 52%]
2025-12-12T18:56:03.2688560Z tests/test_security_guards.py::TestGuardFileExtension::test_dangerous_extension_blocked PASSED [ 54%]
2025-12-12T18:56:03.2696560Z tests/test_security_guards.py::TestGuardFileExtension::test_custom_denied_extensions PASSED [ 55%]
2025-12-12T18:56:03.2707110Z tests/test_security_guards.py::TestGuardFileExtension::test_extension_with_dot PASSED [ 56%]
2025-12-12T18:56:03.2723010Z tests/test_security_validators.py::TestValidateProjectName::test_valid_project_name PASSED [ 58%]
2025-12-12T18:56:03.2756940Z tests/test_security_validators.py::TestValidateProjectName::test_empty_name_rejected PASSED [ 59%]
2025-12-12T18:56:03.2759060Z tests/test_security_validators.py::TestValidateProjectName::test_name_must_start_with_letter PASSED [ 60%]
2025-12-12T18:56:03.2767360Z tests/test_security_validators.py::TestValidateProjectName::test_reserved_names_rejected PASSED [ 62%]
2025-12-12T18:56:03.2792070Z tests/test_security_validators.py::TestValidateProjectName::test_max_length_enforced PASSED [ 63%]
2025-12-12T18:56:03.2798410Z tests/test_security_validators.py::TestValidatePythonVersion::test_valid_versions PASSED [ 64%]
2025-12-12T18:56:03.2806650Z tests/test_security_validators.py::TestValidatePythonVersion::test_invalid_format_rejected PASSED [ 66%]
2025-12-12T18:56:03.2818060Z tests/test_security_validators.py::TestValidatePythonVersion::test_unsupported_version_rejected PASSED [ 67%]
2025-12-12T18:56:03.2864400Z tests/test_security_validators.py::TestValidateEmail::test_valid_emails PASSED [ 68%]
2025-12-12T18:56:03.2866630Z tests/test_security_validators.py::TestValidateEmail::test_empty_email_rejected PASSED [ 70%]
2025-12-12T18:56:03.2867380Z tests/test_security_validators.py::TestValidateEmail::test_invalid_format_rejected PASSED [ 71%]
2025-12-12T18:56:03.2868030Z tests/test_security_validators.py::TestValidateUrl::test_valid_urls PASSED [ 72%]
2025-12-12T18:56:03.2868640Z tests/test_security_validators.py::TestValidateUrl::test_empty_url_rejected PASSED [ 74%]
2025-12-12T18:56:03.2879010Z tests/test_security_validators.py::TestValidateUrl::test_missing_scheme_rejected PASSED [ 75%]
2025-12-12T18:56:03.2931200Z tests/test_security_validators.py::TestValidateUrl::test_invalid_scheme_rejected PASSED [ 77%]
2025-12-12T18:56:03.2949630Z tests/test_security_validators.py::TestValidateIpAddress::test_valid_ipv4 PASSED [ 78%]
2025-12-12T18:56:03.2967750Z tests/test_security_validators.py::TestValidateIpAddress::test_valid_ipv6 PASSED [ 79%]
2025-12-12T18:56:03.2978550Z tests/test_security_validators.py::TestValidateIpAddress::test_invalid_ip_rejected PASSED [ 81%]
2025-12-12T18:56:03.2984180Z tests/test_security_validators.py::TestValidatePort::test_valid_ports PASSED [ 82%]
2025-12-12T18:56:03.2994920Z tests/test_security_validators.py::TestValidatePort::test_invalid_port_rejected PASSED [ 83%]
2025-12-12T18:56:03.3000540Z tests/test_security_validators.py::TestValidatePort::test_privileged_ports_blocked PASSED [ 85%]
2025-12-12T18:56:03.3042120Z tests/test_security_validators.py::TestValidateSemver::test_valid_semver PASSED [ 86%]
2025-12-12T18:56:03.3050870Z tests/test_security_validators.py::TestValidateSemver::test_invalid_semver_rejected PASSED [ 87%]
2025-12-12T18:56:03.3230850Z tests/test_stack_script.py::test_dry_run_does_not_create_files PASSED    [ 89%]
2025-12-12T18:56:03.3443900Z tests/test_stack_script.py::test_safe_write_creates_backup PASSED        [ 90%]
2025-12-12T18:56:03.3545770Z tests/test_stack_script.py::test_force_mode_overwrites_without_backup PASSED [ 91%]
2025-12-12T18:56:03.3668280Z tests/test_stack_script.py::test_idempotency_for_pyproject_toml PASSED   [ 93%]
2025-12-12T18:56:03.3786710Z tests/test_stack_script.py::test_git_initialization PASSED               [ 94%]
2025-12-12T18:56:03.3916770Z tests/test_stack_script.py::test_project_structure_creation PASSED       [ 95%]
2025-12-12T18:56:03.4027670Z tests/test_stack_script.py::test_optional_dependencies_flag PASSED       [ 97%]
2025-12-12T18:56:03.4106470Z tests/test_stack_script.py::test_install_runtime_deps_flag PASSED        [ 98%]
2025-12-12T18:56:03.8501470Z tests/test_stack_script.py::test_python_version_detection PASSED         [100%]
2025-12-12T18:56:03.8501990Z ERROR: Coverage failure: total of 37 is less than fail-under=80
2025-12-12T18:56:03.8502330Z 
2025-12-12T18:56:03.8502330Z 
2025-12-12T18:56:03.8502430Z ================================ tests coverage ================================
2025-12-12T18:56:03.8502820Z _______________ coverage: platform darwin, python 3.11.9-final-0 _______________
2025-12-12T18:56:03.8503050Z 
2025-12-12T18:56:03.8503180Z Name                               Stmts   Miss Branch BrPart  Cover   Missing
2025-12-12T18:56:03.8503510Z ------------------------------------------------------------------------------
2025-12-12T18:56:03.8503800Z src/app/__init__.py                    1      0      0      0   100%
2025-12-12T18:56:03.8504110Z src/app/main.py                        8      2      0      0    75%   25-26
2025-12-12T18:56:03.8504500Z src/app/secure_system.py              46      0      2      0   100%
2025-12-12T18:56:03.8504880Z src/stack/__init__.py                  5      0      0      0   100%
2025-12-12T18:56:03.8505250Z src/stack/config/__init__.py           3      0      0      0   100%
2025-12-12T18:56:03.8505610Z src/stack/config/generators.py        34     25     14      0    19%   27-28, 124-182, 218, 264, 311, 349-357
2025-12-12T18:56:03.8505970Z src/stack/config/models.py            73      2     12      1    96%   235-236
2025-12-12T18:56:03.8506280Z src/stack/security/__init__.py         4      0      0      0   100%
2025-12-12T18:56:03.8507100Z src/stack/security/guards.py          83     23     44      4    68%   100-101, 117->125, 119, 250->259, 253, 283-348
2025-12-12T18:56:03.8507540Z src/stack/security/sanitizers.py     104     95     58      0     6%   40-70, 100-152, 177-225, 245-261, 279-298
2025-12-12T18:56:03.8508060Z src/stack/security/validators.py     125     25     54     11    80%   54->56, 56->59, 65-66, 114-116, 160-161, 164-165, 196-198, 209-210, 212->221, 218-219, 251-252, 255-256, 259-260, 285-287
2025-12-12T18:56:03.8508660Z src/stack/utils/__init__.py            4      4      0      0     0%   3-7
2025-12-12T18:56:03.8508980Z src/stack/utils/filesystem.py        114    114     62      0     0%   8-352
2025-12-12T18:56:03.8509400Z src/stack/utils/logging.py            99     99     32      0     0%   8-324
2025-12-12T18:56:03.8509760Z src/stack/utils/subprocess.py         70     70     24      0     0%   8-337
2025-12-12T18:56:03.8510070Z ------------------------------------------------------------------------------
2025-12-12T18:56:03.8510350Z TOTAL                                773    459    302     16    37%
2025-12-12T18:56:03.8510580Z Coverage HTML written to dir htmlcov
2025-12-12T18:56:03.8510810Z Coverage XML written to file coverage.xml
2025-12-12T18:56:03.8511160Z FAIL Required test coverage of 80.0% not reached. Total coverage: 36.84%
2025-12-12T18:56:03.8511450Z ============================== 74 passed in 1.53s ==============================
2025-12-12T18:56:03.9222420Z ##[error]Process completed with exit code 1.
2025-12-12T18:56:03.9300950Z Post job cleanup.
2025-12-12T18:56:04.0376350Z [command]/opt/homebrew/bin/git version
2025-12-12T18:56:04.0551960Z git version 2.50.1
2025-12-12T18:56:04.0575730Z Copying '/Users/runner/.gitconfig' to '/Users/runner/work/_temp/271391a3-8fc9-43f6-89f5-011f6f5cbc65/.gitconfig'
2025-12-12T18:56:04.0586250Z Temporarily overriding HOME='/Users/runner/work/_temp/271391a3-8fc9-43f6-89f5-011f6f5cbc65' before making global git config changes
2025-12-12T18:56:04.0586810Z Adding repository directory to the temporary git global config as a safe directory
2025-12-12T18:56:04.0589710Z [command]/opt/homebrew/bin/git config --global --add safe.directory /Users/runner/work/Stack/Stack
2025-12-12T18:56:04.0687930Z [command]/opt/homebrew/bin/git config --local --name-only --get-regexp core\.sshCommand
2025-12-12T18:56:04.0744530Z [command]/opt/homebrew/bin/git submodule foreach --recursive sh -c "git config --local --name-only --get-regexp 'core\.sshCommand' && git config --local --unset-all 'core.sshCommand' || :"
2025-12-12T18:56:04.1751270Z [command]/opt/homebrew/bin/git config --local --name-only --get-regexp http\.https\:\/\/github\.com\/\.extraheader
2025-12-12T18:56:04.1818090Z http.https://github.com/.extraheader
2025-12-12T18:56:04.1827170Z [command]/opt/homebrew/bin/git config --local --unset-all http.https://github.com/.extraheader
2025-12-12T18:56:04.1895130Z [command]/opt/homebrew/bin/git submodule foreach --recursive sh -c "git config --local --name-only --get-regexp 'http\.https\:\/\/github\.com\/\.extraheader' && git config --local --unset-all 'http.https://github.com/.extraheader' || :"
2025-12-12T18:56:04.3533490Z [command]/opt/homebrew/bin/git config --local --name-only --get-regexp ^includeIf\.gitdir:
2025-12-12T18:56:04.3579110Z [command]/opt/homebrew/bin/git submodule foreach --recursive git config --local --show-origin --name-only --get-regexp remote.origin.url
2025-12-12T18:56:04.4316460Z Cleaning up orphan processes
