2025-12-12T18:55:40.6707740Z Current runner version: '2.329.0'
2025-12-12T18:55:40.6896478Z ##[group]Runner Image Provisioner
2025-12-12T18:55:40.6897205Z Hosted Compute Agent
2025-12-12T18:55:40.6897745Z Version: 20251202.455
2025-12-12T18:55:40.6898248Z Commit: 6c10caca4910e198df60de23adf20ad317c474e3
2025-12-12T18:55:40.6898869Z Build Date: 2025-12-02T15:56:59Z
2025-12-12T18:55:40.6899466Z Worker ID: {56107401-925c-4c87-9620-4c66c444af7a}
2025-12-12T18:55:40.6900037Z ##[endgroup]
2025-12-12T18:55:40.6900490Z ##[group]Operating System
2025-12-12T18:55:40.6901010Z Microsoft Windows Server 2025
2025-12-12T18:55:40.6901509Z 10.0.26100
2025-12-12T18:55:40.6901893Z Datacenter
2025-12-12T18:55:40.6902311Z ##[endgroup]
2025-12-12T18:55:40.6902704Z ##[group]Runner Image
2025-12-12T18:55:40.6903168Z Image: windows-2025
2025-12-12T18:55:40.6903613Z Version: 20251208.136.1
2025-12-12T18:55:40.6904984Z Included Software: https://github.com/actions/runner-images/blob/win25/20251208.136/images/windows/Windows2025-Readme.md
2025-12-12T18:55:40.6906389Z Image Release: https://github.com/actions/runner-images/releases/tag/win25%2F20251208.136
2025-12-12T18:55:40.6907195Z ##[endgroup]
2025-12-12T18:55:40.6908272Z ##[group]GITHUB_TOKEN Permissions
2025-12-12T18:55:40.6909993Z Contents: read
2025-12-12T18:55:40.6910449Z Metadata: read
2025-12-12T18:55:40.6911371Z Packages: read
2025-12-12T18:55:40.6911837Z ##[endgroup]
2025-12-12T18:55:40.6913899Z Secret source: Actions
2025-12-12T18:55:40.6914550Z Prepare workflow directory
2025-12-12T18:55:40.7954338Z Prepare all required actions
2025-12-12T18:55:40.7991264Z Getting action download info
2025-12-12T18:55:41.1401636Z Download action repository 'actions/checkout@v4' (SHA:34e114876b0b11c390a56381ad16ebd13914f8d5)
2025-12-12T18:55:41.3033866Z Download action repository 'actions/setup-python@v5' (SHA:a26af69be951a213d495a4c3e4e4022e16d87065)
2025-12-12T18:55:41.5369202Z Download action repository 'actions/cache@v4' (SHA:0057852bfaa89a56745cba8c7296529d2fc39830)
2025-12-12T18:55:41.7683582Z Download action repository 'codecov/codecov-action@v4' (SHA:b9fd7d16f6d7d1b5d2bec1a2887e65ceed900238)
2025-12-12T18:55:42.8590672Z Complete job name: Test Python 3.12 on windows-latest
2025-12-12T18:55:43.5482370Z ##[group]Run actions/checkout@v4
2025-12-12T18:55:43.5483646Z with:
2025-12-12T18:55:43.5484266Z   repository: gabrielima7/Stack
2025-12-12T18:55:43.5485350Z   token: ***
2025-12-12T18:55:43.5485952Z   ssh-strict: true
2025-12-12T18:55:43.5486609Z   ssh-user: git
2025-12-12T18:55:43.5487257Z   persist-credentials: true
2025-12-12T18:55:43.5487983Z   clean: true
2025-12-12T18:55:43.5488642Z   sparse-checkout-cone-mode: true
2025-12-12T18:55:43.5489446Z   fetch-depth: 1
2025-12-12T18:55:43.5490076Z   fetch-tags: false
2025-12-12T18:55:43.5490723Z   show-progress: true
2025-12-12T18:55:43.5491385Z   lfs: false
2025-12-12T18:55:43.5491980Z   submodules: false
2025-12-12T18:55:43.5492643Z   set-safe-directory: true
2025-12-12T18:55:43.5493522Z env:
2025-12-12T18:55:43.5494498Z   PYTHON_VERSION_DEFAULT: 3.11
2025-12-12T18:55:43.5495284Z ##[endgroup]
2025-12-12T18:55:43.8156453Z Syncing repository: gabrielima7/Stack
2025-12-12T18:55:43.8158917Z ##[group]Getting Git version info
2025-12-12T18:55:43.8159828Z Working directory is 'D:\a\Stack\Stack'
2025-12-12T18:55:43.9291452Z [command]"C:\Program Files\Git\bin\git.exe" version
2025-12-12T18:55:44.2633991Z git version 2.52.0.windows.1
2025-12-12T18:55:44.2696604Z ##[endgroup]
2025-12-12T18:55:44.2820891Z Temporarily overriding HOME='D:\a\_temp\8d4fb732-0569-46bb-9aa3-fd8d8a4ff9d5' before making global git config changes
2025-12-12T18:55:44.2823122Z Adding repository directory to the temporary git global config as a safe directory
2025-12-12T18:55:44.2825014Z [command]"C:\Program Files\Git\bin\git.exe" config --global --add safe.directory D:\a\Stack\Stack
2025-12-12T18:55:44.3362436Z Deleting the contents of 'D:\a\Stack\Stack'
2025-12-12T18:55:44.3370091Z ##[group]Initializing the repository
2025-12-12T18:55:44.3379678Z [command]"C:\Program Files\Git\bin\git.exe" init D:\a\Stack\Stack
2025-12-12T18:55:44.4086003Z Initialized empty Git repository in D:/a/Stack/Stack/.git/
2025-12-12T18:55:44.4134753Z [command]"C:\Program Files\Git\bin\git.exe" remote add origin https://github.com/gabrielima7/Stack
2025-12-12T18:55:44.4674814Z ##[endgroup]
2025-12-12T18:55:44.4676040Z ##[group]Disabling automatic garbage collection
2025-12-12T18:55:44.4684278Z [command]"C:\Program Files\Git\bin\git.exe" config --local gc.auto 0
2025-12-12T18:55:44.4969166Z ##[endgroup]
2025-12-12T18:55:44.4970902Z ##[group]Setting up auth
2025-12-12T18:55:44.4988184Z [command]"C:\Program Files\Git\bin\git.exe" config --local --name-only --get-regexp core\.sshCommand
2025-12-12T18:55:44.5278386Z [command]"C:\Program Files\Git\bin\git.exe" submodule foreach --recursive "sh -c \"git config --local --name-only --get-regexp 'core\.sshCommand' && git config --local --unset-all 'core.sshCommand' || :\""
2025-12-12T18:55:45.8525234Z [command]"C:\Program Files\Git\bin\git.exe" config --local --name-only --get-regexp http\.https\:\/\/github\.com\/\.extraheader
2025-12-12T18:55:45.8818609Z [command]"C:\Program Files\Git\bin\git.exe" submodule foreach --recursive "sh -c \"git config --local --name-only --get-regexp 'http\.https\:\/\/github\.com\/\.extraheader' && git config --local --unset-all 'http.https://github.com/.extraheader' || :\""
2025-12-12T18:55:46.4617553Z [command]"C:\Program Files\Git\bin\git.exe" config --local --name-only --get-regexp ^includeIf\.gitdir:
2025-12-12T18:55:46.4927473Z [command]"C:\Program Files\Git\bin\git.exe" submodule foreach --recursive "git config --local --show-origin --name-only --get-regexp remote.origin.url"
2025-12-12T18:55:47.2218497Z [command]"C:\Program Files\Git\bin\git.exe" config --local http.https://github.com/.extraheader "AUTHORIZATION: basic ***"
2025-12-12T18:55:47.2523403Z ##[endgroup]
2025-12-12T18:55:47.2523850Z ##[group]Fetching the repository
2025-12-12T18:55:47.2537173Z [command]"C:\Program Files\Git\bin\git.exe" -c protocol.version=2 fetch --no-tags --prune --no-recurse-submodules --depth=1 origin +265f2b5c1d4934c9f9ad4d635b5ad0997efee979:refs/remotes/origin/main
2025-12-12T18:55:48.3773786Z From https://github.com/gabrielima7/Stack
2025-12-12T18:55:48.3774873Z  * [new ref]         265f2b5c1d4934c9f9ad4d635b5ad0997efee979 -> origin/main
2025-12-12T18:55:48.4060107Z ##[endgroup]
2025-12-12T18:55:48.4061086Z ##[group]Determining the checkout info
2025-12-12T18:55:48.4063468Z ##[endgroup]
2025-12-12T18:55:48.4075147Z [command]"C:\Program Files\Git\bin\git.exe" sparse-checkout disable
2025-12-12T18:55:48.4497961Z [command]"C:\Program Files\Git\bin\git.exe" config --local --unset-all extensions.worktreeConfig
2025-12-12T18:55:48.4795065Z ##[group]Checking out the ref
2025-12-12T18:55:48.4795591Z [command]"C:\Program Files\Git\bin\git.exe" checkout --progress --force -B main refs/remotes/origin/main
2025-12-12T18:55:48.5531364Z branch 'main' set up to track 'origin/main'.
2025-12-12T18:55:48.5539994Z Switched to a new branch 'main'
2025-12-12T18:55:48.5581207Z ##[endgroup]
2025-12-12T18:55:48.5986300Z [command]"C:\Program Files\Git\bin\git.exe" log -1 --format=%H
2025-12-12T18:55:48.6337725Z 265f2b5c1d4934c9f9ad4d635b5ad0997efee979
2025-12-12T18:55:48.9943623Z ##[group]Run actions/setup-python@v5
2025-12-12T18:55:48.9944042Z with:
2025-12-12T18:55:48.9944349Z   python-version: 3.12
2025-12-12T18:55:48.9944623Z   check-latest: false
2025-12-12T18:55:48.9945098Z   token: ***
2025-12-12T18:55:48.9945335Z   update-environment: true
2025-12-12T18:55:48.9945614Z   allow-prereleases: false
2025-12-12T18:55:48.9945912Z   freethreaded: false
2025-12-12T18:55:48.9946184Z env:
2025-12-12T18:55:48.9946398Z   PYTHON_VERSION_DEFAULT: 3.11
2025-12-12T18:55:48.9946668Z ##[endgroup]
2025-12-12T18:55:49.2788435Z ##[group]Installed versions
2025-12-12T18:55:49.3094839Z Successfully set up CPython (3.12.10)
2025-12-12T18:55:49.3096414Z ##[endgroup]
2025-12-12T18:55:49.5272837Z ##[group]Run pipx install poetry
2025-12-12T18:55:49.5297864Z [36;1mpipx install poetry[0m
2025-12-12T18:55:49.5891943Z shell: C:\Program Files\PowerShell\7\pwsh.EXE -command ". '{0}'"
2025-12-12T18:55:49.5892415Z env:
2025-12-12T18:55:49.5892648Z   PYTHON_VERSION_DEFAULT: 3.11
2025-12-12T18:55:49.5893061Z   pythonLocation: C:\hostedtoolcache\windows\Python\3.12.10\x64
2025-12-12T18:55:49.5893672Z   PKG_CONFIG_PATH: C:\hostedtoolcache\windows\Python\3.12.10\x64/lib/pkgconfig
2025-12-12T18:55:49.5894258Z   Python_ROOT_DIR: C:\hostedtoolcache\windows\Python\3.12.10\x64
2025-12-12T18:55:49.5894778Z   Python2_ROOT_DIR: C:\hostedtoolcache\windows\Python\3.12.10\x64
2025-12-12T18:55:49.5895290Z   Python3_ROOT_DIR: C:\hostedtoolcache\windows\Python\3.12.10\x64
2025-12-12T18:55:49.5895703Z ##[endgroup]
2025-12-12T18:55:55.0042092Z Found a space in the pipx home path. We heavily discourage this, due to
2025-12-12T18:55:55.0043132Z     multiple incompatibilities. Please check our docs for more information on
2025-12-12T18:55:55.0043983Z     this, as well as some pointers on how to migrate to a different home path.
2025-12-12T18:55:55.5608552Z creating virtual environment...
2025-12-12T18:55:55.9604552Z installing poetry...
2025-12-12T18:56:18.3585347Z done! 
2025-12-12T18:56:18.3587459Z   installed package poetry 2.2.1, installed using Python 3.9.13
2025-12-12T18:56:18.3588040Z   These apps are now globally available
2025-12-12T18:56:18.3588455Z     - poetry.exe
2025-12-12T18:56:18.9600572Z ##[group]Run poetry config virtualenvs.in-project true
2025-12-12T18:56:18.9600999Z [36;1mpoetry config virtualenvs.in-project true[0m
2025-12-12T18:56:18.9662999Z shell: C:\Program Files\PowerShell\7\pwsh.EXE -command ". '{0}'"
2025-12-12T18:56:18.9663299Z env:
2025-12-12T18:56:18.9663471Z   PYTHON_VERSION_DEFAULT: 3.11
2025-12-12T18:56:18.9663754Z   pythonLocation: C:\hostedtoolcache\windows\Python\3.12.10\x64
2025-12-12T18:56:18.9664158Z   PKG_CONFIG_PATH: C:\hostedtoolcache\windows\Python\3.12.10\x64/lib/pkgconfig
2025-12-12T18:56:18.9664571Z   Python_ROOT_DIR: C:\hostedtoolcache\windows\Python\3.12.10\x64
2025-12-12T18:56:18.9664915Z   Python2_ROOT_DIR: C:\hostedtoolcache\windows\Python\3.12.10\x64
2025-12-12T18:56:18.9665260Z   Python3_ROOT_DIR: C:\hostedtoolcache\windows\Python\3.12.10\x64
2025-12-12T18:56:18.9665526Z ##[endgroup]
2025-12-12T18:56:20.4251627Z ##[group]Run actions/cache@v4
2025-12-12T18:56:20.4251898Z with:
2025-12-12T18:56:20.4252055Z   path: .venv
2025-12-12T18:56:20.4252423Z   key: Windows-poetry-3.12-dd05d43ec074f1401e9de45214791bc0d37923b8f3b0fe71bb84677460e66455
2025-12-12T18:56:20.4252874Z   restore-keys: Windows-poetry-3.12-

2025-12-12T18:56:20.4253112Z   enableCrossOsArchive: false
2025-12-12T18:56:20.4253317Z   fail-on-cache-miss: false
2025-12-12T18:56:20.4253507Z   lookup-only: false
2025-12-12T18:56:20.4253663Z   save-always: false
2025-12-12T18:56:20.4253818Z env:
2025-12-12T18:56:20.4253958Z   PYTHON_VERSION_DEFAULT: 3.11
2025-12-12T18:56:20.4254239Z   pythonLocation: C:\hostedtoolcache\windows\Python\3.12.10\x64
2025-12-12T18:56:20.4254991Z   PKG_CONFIG_PATH: C:\hostedtoolcache\windows\Python\3.12.10\x64/lib/pkgconfig
2025-12-12T18:56:20.4255489Z   Python_ROOT_DIR: C:\hostedtoolcache\windows\Python\3.12.10\x64
2025-12-12T18:56:20.4255898Z   Python2_ROOT_DIR: C:\hostedtoolcache\windows\Python\3.12.10\x64
2025-12-12T18:56:20.4256255Z   Python3_ROOT_DIR: C:\hostedtoolcache\windows\Python\3.12.10\x64
2025-12-12T18:56:20.4256522Z ##[endgroup]
2025-12-12T18:56:20.9369826Z Cache not found for input keys: Windows-poetry-3.12-dd05d43ec074f1401e9de45214791bc0d37923b8f3b0fe71bb84677460e66455, Windows-poetry-3.12-
2025-12-12T18:56:20.9596614Z ##[group]Run poetry install --with dev
2025-12-12T18:56:20.9596965Z [36;1mpoetry install --with dev[0m
2025-12-12T18:56:20.9681562Z shell: C:\Program Files\PowerShell\7\pwsh.EXE -command ". '{0}'"
2025-12-12T18:56:20.9681862Z env:
2025-12-12T18:56:20.9682019Z   PYTHON_VERSION_DEFAULT: 3.11
2025-12-12T18:56:20.9682304Z   pythonLocation: C:\hostedtoolcache\windows\Python\3.12.10\x64
2025-12-12T18:56:20.9682879Z   PKG_CONFIG_PATH: C:\hostedtoolcache\windows\Python\3.12.10\x64/lib/pkgconfig
2025-12-12T18:56:20.9683259Z   Python_ROOT_DIR: C:\hostedtoolcache\windows\Python\3.12.10\x64
2025-12-12T18:56:20.9683607Z   Python2_ROOT_DIR: C:\hostedtoolcache\windows\Python\3.12.10\x64
2025-12-12T18:56:20.9683949Z   Python3_ROOT_DIR: C:\hostedtoolcache\windows\Python\3.12.10\x64
2025-12-12T18:56:20.9684213Z ##[endgroup]
2025-12-12T18:56:22.7293614Z Creating virtualenv stack in D:\a\Stack\Stack\.venv
2025-12-12T18:56:24.9965154Z Installing dependencies from lock file
2025-12-12T18:56:25.1842123Z 
2025-12-12T18:56:25.1842803Z Package operations: 75 installs, 0 updates, 0 removals
2025-12-12T18:56:25.1843212Z 
2025-12-12T18:56:25.1849694Z   - Installing mdurl (0.1.2)
2025-12-12T18:56:25.1854404Z   - Installing pycparser (2.23)
2025-12-12T18:56:25.1860189Z   - Installing typing-extensions (4.15.0)
2025-12-12T18:56:26.4466942Z   - Installing annotated-types (0.7.0)
2025-12-12T18:56:26.4469780Z   - Installing certifi (2025.11.12)
2025-12-12T18:56:26.4476000Z   - Installing cffi (2.0.0)
2025-12-12T18:56:26.4480036Z   - Installing colorama (0.4.6)
2025-12-12T18:56:26.4486585Z   - Installing h11 (0.16.0)
2025-12-12T18:56:26.4518852Z   - Installing idna (3.11)
2025-12-12T18:56:26.4533195Z   - Installing markdown-it-py (4.0.0)
2025-12-12T18:56:26.4548131Z   - Installing packaging (25.0)
2025-12-12T18:56:26.6147672Z   - Installing pydantic-core (2.41.5)
2025-12-12T18:56:26.6197442Z   - Installing pygments (2.19.2)
2025-12-12T18:56:26.7206116Z   - Installing ruamel-yaml-clib (0.2.14)
2025-12-12T18:56:26.7914960Z   - Installing typing-inspection (0.4.2)
2025-12-12T18:56:27.0813387Z   - Installing anyio (4.12.0)
2025-12-12T18:56:27.0816315Z   - Installing charset-normalizer (3.4.4)
2025-12-12T18:56:27.0820526Z   - Installing cryptography (46.0.3)
2025-12-12T18:56:27.0825142Z   - Installing distlib (0.4.0)
2025-12-12T18:56:27.0828868Z   - Installing dparse (0.6.4)
2025-12-12T18:56:27.0831299Z   - Installing filelock (3.20.0)
2025-12-12T18:56:27.0836122Z   - Installing httpcore (1.0.9)
2025-12-12T18:56:27.0841419Z   - Installing click (8.1.8)
2025-12-12T18:56:27.2530945Z   - Installing iniconfig (2.3.0)
2025-12-12T18:56:27.2670987Z   - Installing joblib (1.5.2)
2025-12-12T18:56:27.3995603Z   - Installing markupsafe (3.0.3)
2025-12-12T18:56:27.4145481Z   - Installing platformdirs (4.5.1)
2025-12-12T18:56:27.4157358Z   - Installing pluggy (1.6.0)
2025-12-12T18:56:27.4962369Z   - Installing pydantic (2.12.5)
2025-12-12T18:56:27.5100140Z   - Installing regex (2025.11.3)
2025-12-12T18:56:27.5146784Z   - Installing rich (13.5.3)
2025-12-12T18:56:27.5866800Z   - Installing ruamel-yaml (0.18.16)
2025-12-12T18:56:27.6253026Z   - Installing shellingham (1.5.4)
2025-12-12T18:56:27.6344524Z   - Installing tqdm (4.67.1)
2025-12-12T18:56:27.7265969Z   - Installing urllib3 (2.6.2)
2025-12-12T18:56:28.0415347Z   - Installing attrs (25.4.0)
2025-12-12T18:56:28.0418326Z   - Installing authlib (1.6.6)
2025-12-12T18:56:28.0421950Z   - Installing cfgv (3.5.0)
2025-12-12T18:56:28.0425797Z   - Installing dnspython (2.8.0)
2025-12-12T18:56:28.0431079Z   - Installing execnet (2.1.2)
2025-12-12T18:56:28.0437315Z   - Installing httpx (0.28.1)
2025-12-12T18:56:28.0449839Z   - Installing coverage (7.13.0)
2025-12-12T18:56:28.0479447Z   - Installing identify (2.6.15)
2025-12-12T18:56:28.2348402Z   - Installing jinja2 (3.1.6)
2025-12-12T18:56:28.2709136Z   - Installing librt (0.7.3)
2025-12-12T18:56:28.2832040Z   - Installing marshmallow (4.1.1)
2025-12-12T18:56:28.3033542Z   - Installing mypy-extensions (1.1.0)
2025-12-12T18:56:28.3165368Z   - Installing nltk (3.9.2)
2025-12-12T18:56:28.4239636Z   - Installing nodeenv (1.9.1)
2025-12-12T18:56:28.4430533Z   - Installing pathspec (0.12.1)
2025-12-12T18:56:28.4626206Z   - Installing py (1.11.0)
2025-12-12T18:56:28.4845506Z   - Installing pytest (9.0.2)
2025-12-12T18:56:28.5037427Z   - Installing pyyaml (6.0.3)
2025-12-12T18:56:28.5887326Z   - Installing requests (2.32.5)
2025-12-12T18:56:28.6141849Z   - Installing safety-schemas (0.0.16)
2025-12-12T18:56:28.7274354Z   - Installing sortedcontainers (2.4.0)
2025-12-12T18:56:28.8016370Z   - Installing stevedore (5.6.0)
2025-12-12T18:56:28.8657497Z   - Installing tabulate (0.9.0)
2025-12-12T18:56:28.8689485Z   - Installing tenacity (9.1.2)
2025-12-12T18:56:28.8749298Z   - Installing tomlkit (0.13.3)
2025-12-12T18:56:28.8823579Z   - Installing typer (0.20.0)
2025-12-12T18:56:29.0137218Z   - Installing virtualenv (20.35.4)
2025-12-12T18:56:29.3557104Z   - Installing bandit (1.9.2)
2025-12-12T18:56:29.3560348Z   - Installing email-validator (2.3.0)
2025-12-12T18:56:29.3569285Z   - Installing hypothesis (6.148.7)
2025-12-12T18:56:29.3569779Z   - Installing orjson (3.11.5)
2025-12-12T18:56:29.3571982Z   - Installing mypy (1.19.0)
2025-12-12T18:56:29.3578303Z   - Installing pre-commit (4.5.0)
2025-12-12T18:56:29.3601619Z   - Installing pytest-cov (7.0.0)
2025-12-12T18:56:29.3640672Z   - Installing interrogate (1.7.0)
2025-12-12T18:56:29.5770131Z   - Installing pytest-timeout (2.4.0)
2025-12-12T18:56:29.6028756Z   - Installing pytest-xdist (3.8.0)
2025-12-12T18:56:29.6125175Z   - Installing ruff (0.14.9)
2025-12-12T18:56:29.6505869Z   - Installing safety (3.7.0)
2025-12-12T18:56:29.7138011Z   - Installing vulture (2.14)
2025-12-12T18:56:31.0460512Z 
2025-12-12T18:56:31.0461495Z Installing the current project: stack (2.0.0)
2025-12-12T18:56:31.2550688Z ##[group]Run poetry run pytest tests/ -v --cov=src --cov-report=xml --cov-report=term --timeout=60
2025-12-12T18:56:31.2551589Z [36;1mpoetry run pytest tests/ -v --cov=src --cov-report=xml --cov-report=term --timeout=60[0m
2025-12-12T18:56:31.2612462Z shell: C:\Program Files\PowerShell\7\pwsh.EXE -command ". '{0}'"
2025-12-12T18:56:31.2612779Z env:
2025-12-12T18:56:31.2612936Z   PYTHON_VERSION_DEFAULT: 3.11
2025-12-12T18:56:31.2613431Z   pythonLocation: C:\hostedtoolcache\windows\Python\3.12.10\x64
2025-12-12T18:56:31.2613859Z   PKG_CONFIG_PATH: C:\hostedtoolcache\windows\Python\3.12.10\x64/lib/pkgconfig
2025-12-12T18:56:31.2614260Z   Python_ROOT_DIR: C:\hostedtoolcache\windows\Python\3.12.10\x64
2025-12-12T18:56:31.2614603Z   Python2_ROOT_DIR: C:\hostedtoolcache\windows\Python\3.12.10\x64
2025-12-12T18:56:31.2614950Z   Python3_ROOT_DIR: C:\hostedtoolcache\windows\Python\3.12.10\x64
2025-12-12T18:56:31.2615217Z ##[endgroup]
2025-12-12T18:56:36.0207966Z ============================= test session starts =============================
2025-12-12T18:56:36.0208666Z platform win32 -- Python 3.12.10, pytest-9.0.2, pluggy-1.6.0 -- D:\a\Stack\Stack\.venv\Scripts\python.exe
2025-12-12T18:56:36.0209241Z cachedir: .pytest_cache
2025-12-12T18:56:36.0209915Z hypothesis profile 'ci' -> database=None, deadline=None, print_blob=True, derandomize=True, suppress_health_check=(HealthCheck.too_slow,)
2025-12-12T18:56:36.0210737Z rootdir: D:\a\Stack\Stack
2025-12-12T18:56:36.0211014Z configfile: pyproject.toml
2025-12-12T18:56:36.0211473Z plugins: anyio-4.12.0, hypothesis-6.148.7, cov-7.0.0, timeout-2.4.0, xdist-3.8.0
2025-12-12T18:56:36.0211936Z timeout: 60.0s
2025-12-12T18:56:36.0212158Z timeout method: thread
2025-12-12T18:56:36.0212408Z timeout func_only: False
2025-12-12T18:56:36.9104156Z collecting ... collected 74 items
2025-12-12T18:56:36.9104397Z 
2025-12-12T18:56:36.9139782Z tests/test_config_models.py::TestSecurityConfig::test_default_values PASSED [  1%]
2025-12-12T18:56:36.9159648Z tests/test_config_models.py::TestSecurityConfig::test_paranoid_level PASSED [  2%]
2025-12-12T18:56:36.9183478Z tests/test_config_models.py::TestSecurityConfig::test_frozen_config PASSED [  4%]
2025-12-12T18:56:36.9203191Z tests/test_config_models.py::TestSecurityConfig::test_extra_fields_forbidden PASSED [  5%]
2025-12-12T18:56:36.9222741Z tests/test_config_models.py::TestDependencyConfig::test_default_values PASSED [  6%]
2025-12-12T18:56:36.9241862Z tests/test_config_models.py::TestDependencyConfig::test_custom_dependencies PASSED [  8%]
2025-12-12T18:56:36.9262099Z tests/test_config_models.py::TestLoggingConfig::test_default_values PASSED [  9%]
2025-12-12T18:56:36.9281157Z tests/test_config_models.py::TestLoggingConfig::test_valid_levels PASSED [ 10%]
2025-12-12T18:56:36.9301045Z tests/test_config_models.py::TestLoggingConfig::test_invalid_level_rejected PASSED [ 12%]
2025-12-12T18:56:36.9331394Z tests/test_config_models.py::TestStackConfig::test_default_values PASSED [ 13%]
2025-12-12T18:56:36.9353578Z tests/test_config_models.py::TestStackConfig::test_valid_project_name PASSED [ 14%]
2025-12-12T18:56:36.9383650Z tests/test_config_models.py::TestStackConfig::test_invalid_project_name_rejected PASSED [ 16%]
2025-12-12T18:56:36.9405465Z tests/test_config_models.py::TestStackConfig::test_valid_python_version PASSED [ 17%]
2025-12-12T18:56:36.9427492Z tests/test_config_models.py::TestStackConfig::test_invalid_python_version_rejected PASSED [ 18%]
2025-12-12T18:56:36.9588428Z tests/test_config_models.py::TestStackConfig::test_path_traversal_rejected PASSED [ 20%]
2025-12-12T18:56:36.9625720Z tests/test_config_models.py::TestStackConfig::test_paranoid_requires_all_tools PASSED [ 21%]
2025-12-12T18:56:36.9651094Z tests/test_config_models.py::TestStackConfig::test_to_target_version PASSED [ 22%]
2025-12-12T18:56:36.9675384Z tests/test_config_models.py::TestStackConfig::test_nested_configs PASSED [ 24%]
2025-12-12T18:56:36.9697486Z tests/test_example.py::test_greet PASSED                                 [ 25%]
2025-12-12T18:56:36.9715926Z tests/test_example.py::test_greet_empty PASSED                           [ 27%]
2025-12-12T18:56:37.0546447Z tests/test_secure_system.py::test_create_user_success PASSED             [ 28%]
2025-12-12T18:56:37.0567145Z tests/test_secure_system.py::test_create_user_invalid_email PASSED       [ 29%]
2025-12-12T18:56:37.0588720Z tests/test_secure_system.py::test_create_user_invalid_username PASSED    [ 31%]
2025-12-12T18:56:37.0615722Z tests/test_secure_system.py::test_get_non_existent_user PASSED           [ 32%]
2025-12-12T18:56:37.0668497Z tests/test_security_guards.py::TestGuardPathTraversal::test_safe_path_passes PASSED [ 33%]
2025-12-12T18:56:37.0721693Z tests/test_security_guards.py::TestGuardPathTraversal::test_relative_path_within_base PASSED [ 35%]
2025-12-12T18:56:37.0758822Z tests/test_security_guards.py::TestGuardPathTraversal::test_path_traversal_blocked PASSED [ 36%]
2025-12-12T18:56:37.0798270Z tests/test_security_guards.py::TestGuardPathTraversal::test_double_dot_blocked PASSED [ 37%]
2025-12-12T18:56:37.0836608Z tests/test_security_guards.py::TestGuardPathTraversal::test_url_encoded_traversal_blocked PASSED [ 39%]
2025-12-12T18:56:37.1226851Z tests/test_security_guards.py::TestGuardPathTraversal::test_path_escapes_base_dir FAILED [ 40%]
2025-12-12T18:56:37.1246516Z tests/test_security_guards.py::TestGuardCommandInjection::test_safe_command_passes PASSED [ 41%]
2025-12-12T18:56:37.1266023Z tests/test_security_guards.py::TestGuardCommandInjection::test_empty_command_blocked PASSED [ 43%]
2025-12-12T18:56:37.1285612Z tests/test_security_guards.py::TestGuardCommandInjection::test_semicolon_blocked PASSED [ 44%]
2025-12-12T18:56:37.1305561Z tests/test_security_guards.py::TestGuardCommandInjection::test_pipe_blocked PASSED [ 45%]
2025-12-12T18:56:37.1325312Z tests/test_security_guards.py::TestGuardCommandInjection::test_backtick_blocked PASSED [ 47%]
2025-12-12T18:56:37.1344859Z tests/test_security_guards.py::TestGuardCommandInjection::test_dollar_expansion_blocked PASSED [ 48%]
2025-12-12T18:56:37.1364230Z tests/test_security_guards.py::TestGuardCommandInjection::test_allowed_commands_whitelist PASSED [ 50%]
2025-12-12T18:56:37.1384011Z tests/test_security_guards.py::TestGuardCommandInjection::test_command_not_in_whitelist_blocked PASSED [ 51%]
2025-12-12T18:56:37.1403687Z tests/test_security_guards.py::TestGuardFileExtension::test_safe_extension_passes PASSED [ 52%]
2025-12-12T18:56:37.1423372Z tests/test_security_guards.py::TestGuardFileExtension::test_dangerous_extension_blocked PASSED [ 54%]
2025-12-12T18:56:37.1443279Z tests/test_security_guards.py::TestGuardFileExtension::test_custom_denied_extensions PASSED [ 55%]
2025-12-12T18:56:37.1466277Z tests/test_security_guards.py::TestGuardFileExtension::test_extension_with_dot PASSED [ 56%]
2025-12-12T18:56:37.1491307Z tests/test_security_validators.py::TestValidateProjectName::test_valid_project_name PASSED [ 58%]
2025-12-12T18:56:37.1516533Z tests/test_security_validators.py::TestValidateProjectName::test_empty_name_rejected PASSED [ 59%]
2025-12-12T18:56:37.1545097Z tests/test_security_validators.py::TestValidateProjectName::test_name_must_start_with_letter PASSED [ 60%]
2025-12-12T18:56:37.1569490Z tests/test_security_validators.py::TestValidateProjectName::test_reserved_names_rejected PASSED [ 62%]
2025-12-12T18:56:37.1599924Z tests/test_security_validators.py::TestValidateProjectName::test_max_length_enforced PASSED [ 63%]
2025-12-12T18:56:37.1620480Z tests/test_security_validators.py::TestValidatePythonVersion::test_valid_versions PASSED [ 64%]
2025-12-12T18:56:37.1649298Z tests/test_security_validators.py::TestValidatePythonVersion::test_invalid_format_rejected PASSED [ 66%]
2025-12-12T18:56:37.1680479Z tests/test_security_validators.py::TestValidatePythonVersion::test_unsupported_version_rejected PASSED [ 67%]
2025-12-12T18:56:37.1705937Z tests/test_security_validators.py::TestValidateEmail::test_valid_emails PASSED [ 68%]
2025-12-12T18:56:37.1726607Z tests/test_security_validators.py::TestValidateEmail::test_empty_email_rejected PASSED [ 70%]
2025-12-12T18:56:37.1754757Z tests/test_security_validators.py::TestValidateEmail::test_invalid_format_rejected PASSED [ 71%]
2025-12-12T18:56:37.1775293Z tests/test_security_validators.py::TestValidateUrl::test_valid_urls PASSED [ 72%]
2025-12-12T18:56:37.1795130Z tests/test_security_validators.py::TestValidateUrl::test_empty_url_rejected PASSED [ 74%]
2025-12-12T18:56:37.1822266Z tests/test_security_validators.py::TestValidateUrl::test_missing_scheme_rejected PASSED [ 75%]
2025-12-12T18:56:37.1847213Z tests/test_security_validators.py::TestValidateUrl::test_invalid_scheme_rejected PASSED [ 77%]
2025-12-12T18:56:37.1865962Z tests/test_security_validators.py::TestValidateIpAddress::test_valid_ipv4 PASSED [ 78%]
2025-12-12T18:56:37.1885995Z tests/test_security_validators.py::TestValidateIpAddress::test_valid_ipv6 PASSED [ 79%]
2025-12-12T18:56:37.1913458Z tests/test_security_validators.py::TestValidateIpAddress::test_invalid_ip_rejected PASSED [ 81%]
2025-12-12T18:56:37.1932653Z tests/test_security_validators.py::TestValidatePort::test_valid_ports PASSED [ 82%]
2025-12-12T18:56:37.1957812Z tests/test_security_validators.py::TestValidatePort::test_invalid_port_rejected PASSED [ 83%]
2025-12-12T18:56:37.1984205Z tests/test_security_validators.py::TestValidatePort::test_privileged_ports_blocked PASSED [ 85%]
2025-12-12T18:56:37.2050363Z tests/test_security_validators.py::TestValidateSemver::test_valid_semver PASSED [ 86%]
2025-12-12T18:56:37.2090491Z tests/test_security_validators.py::TestValidateSemver::test_invalid_semver_rejected PASSED [ 87%]
2025-12-12T18:56:37.2785306Z tests/test_stack_script.py::test_dry_run_does_not_create_files PASSED    [ 89%]
2025-12-12T18:56:37.3309332Z tests/test_stack_script.py::test_safe_write_creates_backup PASSED        [ 90%]
2025-12-12T18:56:37.3684247Z tests/test_stack_script.py::test_force_mode_overwrites_without_backup PASSED [ 91%]
2025-12-12T18:56:37.4571030Z tests/test_stack_script.py::test_idempotency_for_pyproject_toml PASSED   [ 93%]
2025-12-12T18:56:37.5044781Z tests/test_stack_script.py::test_git_initialization PASSED               [ 94%]
2025-12-12T18:56:37.5557626Z tests/test_stack_script.py::test_project_structure_creation PASSED       [ 95%]
2025-12-12T18:56:37.6181535Z tests/test_stack_script.py::test_optional_dependencies_flag PASSED       [ 97%]
2025-12-12T18:56:37.6689880Z tests/test_stack_script.py::test_install_runtime_deps_flag PASSED        [ 98%]
2025-12-12T18:56:38.4655462Z tests/test_stack_script.py::test_python_version_detection PASSED         [100%]
2025-12-12T18:56:38.4656927Z ERROR: Coverage failure: total of 37 is less than fail-under=80
2025-12-12T18:56:38.4657401Z 
2025-12-12T18:56:38.4657407Z 
2025-12-12T18:56:38.4657576Z ================================== FAILURES ===================================
2025-12-12T18:56:38.4658280Z ______________ TestGuardPathTraversal.test_path_escapes_base_dir ______________
2025-12-12T18:56:38.4658812Z 
2025-12-12T18:56:38.4659283Z self = <tests.test_security_guards.TestGuardPathTraversal object at 0x00000224193CD6A0>
2025-12-12T18:56:38.4660333Z tmp_path = WindowsPath('C:/Users/runneradmin/AppData/Local/Temp/pytest-of-runneradmin/pytest-0/test_path_escapes_base_dir0')
2025-12-12T18:56:38.4660997Z 
2025-12-12T18:56:38.4661213Z     def test_path_escapes_base_dir(self, tmp_path: Path) -> None:
2025-12-12T18:56:38.4661684Z         """Test that paths escaping base dir are blocked."""
2025-12-12T18:56:38.4662089Z         with TemporaryDirectory() as other_dir:
2025-12-12T18:56:38.4662487Z             with pytest.raises(SecurityError) as exc_info:
2025-12-12T18:56:38.4662891Z                 guard_path_traversal(Path(other_dir), tmp_path)
2025-12-12T18:56:38.4663331Z >           assert "escapes base directory" in str(exc_info.value)
2025-12-12T18:56:38.4664005Z E           AssertionError: assert 'escapes base directory' in '[path_traversal] Path traversal pattern detected: ~'
2025-12-12T18:56:38.4665289Z E            +  where '[path_traversal] Path traversal pattern detected: ~' = str(SecurityError('[path_traversal] Path traversal pattern detected: ~'))
2025-12-12T18:56:38.4666649Z E            +    where SecurityError('[path_traversal] Path traversal pattern detected: ~') = <ExceptionInfo SecurityError('[path_traversal] Path traversal pattern detected: ~') tblen=2>.value
2025-12-12T18:56:38.4667425Z 
2025-12-12T18:56:38.4667530Z tests\test_security_guards.py:60: AssertionError
2025-12-12T18:56:38.4667815Z =============================== tests coverage ================================
2025-12-12T18:56:38.4668156Z ______________ coverage: platform win32, python 3.12.10-final-0 _______________
2025-12-12T18:56:38.4668398Z 
2025-12-12T18:56:38.4668509Z Name                               Stmts   Miss Branch BrPart  Cover   Missing
2025-12-12T18:56:38.4668820Z ------------------------------------------------------------------------------
2025-12-12T18:56:38.4669159Z src\app\__init__.py                    1      0      0      0   100%
2025-12-12T18:56:38.4669471Z src\app\main.py                        8      2      0      0    75%   25-26
2025-12-12T18:56:38.4669786Z src\app\secure_system.py              46      0      2      0   100%
2025-12-12T18:56:38.4670106Z src\stack\__init__.py                  5      0      0      0   100%
2025-12-12T18:56:38.4670420Z src\stack\config\__init__.py           3      0      0      0   100%
2025-12-12T18:56:38.4670802Z src\stack\config\generators.py        34     25     14      0    19%   27-28, 124-182, 218, 264, 311, 349-357
2025-12-12T18:56:38.4671213Z src\stack\config\models.py            73      2     12      1    96%   235-236
2025-12-12T18:56:38.4671559Z src\stack\security\__init__.py         4      0      0      0   100%
2025-12-12T18:56:38.4672000Z src\stack\security\guards.py          83     25     44      4    66%   100-101, 109-110, 117->125, 119, 250->259, 253, 283-348
2025-12-12T18:56:38.4672488Z src\stack\security\sanitizers.py     104     95     58      0     6%   40-70, 100-152, 177-225, 245-261, 279-298
2025-12-12T18:56:38.4673521Z src\stack\security\validators.py     125     25     54     11    80%   54->56, 56->59, 65-66, 114-116, 160-161, 164-165, 196-198, 209-210, 212->221, 218-219, 251-252, 255-256, 259-260, 285-287
2025-12-12T18:56:38.4674072Z src\stack\utils\__init__.py            4      4      0      0     0%   3-7
2025-12-12T18:56:38.4674434Z src\stack\utils\filesystem.py        114    114     62      0     0%   8-352
2025-12-12T18:56:38.4674818Z src\stack\utils\logging.py            99     99     32      0     0%   8-324
2025-12-12T18:56:38.4675364Z src\stack\utils\subprocess.py         70     70     24      0     0%   8-337
2025-12-12T18:56:38.4675711Z ------------------------------------------------------------------------------
2025-12-12T18:56:38.4676009Z TOTAL                                773    461    302     16    37%
2025-12-12T18:56:38.4676256Z Coverage HTML written to dir htmlcov
2025-12-12T18:56:38.4676492Z Coverage XML written to file coverage.xml
2025-12-12T18:56:38.4676817Z FAIL Required test coverage of 80.0% not reached. Total coverage: 36.65%
2025-12-12T18:56:38.4677166Z =========================== short test summary info ===========================
2025-12-12T18:56:38.4677919Z FAILED tests/test_security_guards.py::TestGuardPathTraversal::test_path_escapes_base_dir - AssertionError: assert 'escapes base directory' in '[path_traversal] Path traversal pattern detected: ~'
2025-12-12T18:56:38.4678874Z  +  where '[path_traversal] Path traversal pattern detected: ~' = str(SecurityError('[path_traversal] Path traversal pattern detected: ~'))
2025-12-12T18:56:38.4679759Z  +    where SecurityError('[path_traversal] Path traversal pattern detected: ~') = <ExceptionInfo SecurityError('[path_traversal] Path traversal pattern detected: ~') tblen=2>.value
2025-12-12T18:56:38.4680614Z ======================== 1 failed, 73 passed in 3.52s =========================
2025-12-12T18:56:38.7420897Z ##[error]Process completed with exit code 1.
2025-12-12T18:56:38.7638802Z Post job cleanup.
2025-12-12T18:56:39.0091870Z [command]"C:\Program Files\Git\bin\git.exe" version
2025-12-12T18:56:39.0363448Z git version 2.52.0.windows.1
2025-12-12T18:56:39.0442195Z Temporarily overriding HOME='D:\a\_temp\26c0863a-6cd6-49e8-b482-dcce02a90615' before making global git config changes
2025-12-12T18:56:39.0442985Z Adding repository directory to the temporary git global config as a safe directory
2025-12-12T18:56:39.0453115Z [command]"C:\Program Files\Git\bin\git.exe" config --global --add safe.directory D:\a\Stack\Stack
2025-12-12T18:56:39.0761415Z [command]"C:\Program Files\Git\bin\git.exe" config --local --name-only --get-regexp core\.sshCommand
2025-12-12T18:56:39.1058787Z [command]"C:\Program Files\Git\bin\git.exe" submodule foreach --recursive "sh -c \"git config --local --name-only --get-regexp 'core\.sshCommand' && git config --local --unset-all 'core.sshCommand' || :\""
2025-12-12T18:56:39.6338827Z [command]"C:\Program Files\Git\bin\git.exe" config --local --name-only --get-regexp http\.https\:\/\/github\.com\/\.extraheader
2025-12-12T18:56:39.6593233Z http.https://github.com/.extraheader
2025-12-12T18:56:39.6641275Z [command]"C:\Program Files\Git\bin\git.exe" config --local --unset-all http.https://github.com/.extraheader
2025-12-12T18:56:39.6939702Z [command]"C:\Program Files\Git\bin\git.exe" submodule foreach --recursive "sh -c \"git config --local --name-only --get-regexp 'http\.https\:\/\/github\.com\/\.extraheader' && git config --local --unset-all 'http.https://github.com/.extraheader' || :\""
2025-12-12T18:56:40.2190767Z [command]"C:\Program Files\Git\bin\git.exe" config --local --name-only --get-regexp ^includeIf\.gitdir:
2025-12-12T18:56:40.2494164Z [command]"C:\Program Files\Git\bin\git.exe" submodule foreach --recursive "git config --local --show-origin --name-only --get-regexp remote.origin.url"
2025-12-12T18:56:40.7463724Z Cleaning up orphan processes
