2025-12-12T18:55:38.0921231Z Current runner version: '2.329.0'
2025-12-12T18:55:38.0953253Z ##[group]Runner Image Provisioner
2025-12-12T18:55:38.0954617Z Hosted Compute Agent
2025-12-12T18:55:38.0955497Z Version: 20251202.455
2025-12-12T18:55:38.0956597Z Commit: 6c10caca4910e198df60de23adf20ad317c474e3
2025-12-12T18:55:38.0957808Z Build Date: 2025-12-02T15:56:59Z
2025-12-12T18:55:38.0959033Z Worker ID: {e5503307-4b50-46fd-9b89-893a1a22ce11}
2025-12-12T18:55:38.0960275Z ##[endgroup]
2025-12-12T18:55:38.0961259Z ##[group]Operating System
2025-12-12T18:55:38.0962195Z Ubuntu
2025-12-12T18:55:38.0963069Z 24.04.3
2025-12-12T18:55:38.0964021Z LTS
2025-12-12T18:55:38.0964838Z ##[endgroup]
2025-12-12T18:55:38.0965720Z ##[group]Runner Image
2025-12-12T18:55:38.0966859Z Image: ubuntu-24.04
2025-12-12T18:55:38.0967718Z Version: 20251208.163.1
2025-12-12T18:55:38.0969417Z Included Software: https://github.com/actions/runner-images/blob/ubuntu24/20251208.163/images/ubuntu/Ubuntu2404-Readme.md
2025-12-12T18:55:38.0972340Z Image Release: https://github.com/actions/runner-images/releases/tag/ubuntu24%2F20251208.163
2025-12-12T18:55:38.0985426Z ##[endgroup]
2025-12-12T18:55:38.0987241Z ##[group]GITHUB_TOKEN Permissions
2025-12-12T18:55:38.0989836Z Contents: read
2025-12-12T18:55:38.0990474Z Metadata: read
2025-12-12T18:55:38.0990986Z Packages: read
2025-12-12T18:55:38.0991469Z ##[endgroup]
2025-12-12T18:55:38.0993989Z Secret source: Actions
2025-12-12T18:55:38.0994939Z Prepare workflow directory
2025-12-12T18:55:38.1576364Z Prepare all required actions
2025-12-12T18:55:38.1631466Z Getting action download info
2025-12-12T18:55:38.5280839Z Download action repository 'actions/checkout@v4' (SHA:34e114876b0b11c390a56381ad16ebd13914f8d5)
2025-12-12T18:55:38.6264679Z Download action repository 'actions/setup-python@v5' (SHA:a26af69be951a213d495a4c3e4e4022e16d87065)
2025-12-12T18:55:38.7453269Z Download action repository 'actions/cache@v4' (SHA:0057852bfaa89a56745cba8c7296529d2fc39830)
2025-12-12T18:55:38.8456047Z Download action repository 'codecov/codecov-action@v4' (SHA:b9fd7d16f6d7d1b5d2bec1a2887e65ceed900238)
2025-12-12T18:55:39.3078392Z Complete job name: Test Python 3.13 on ubuntu-latest
2025-12-12T18:55:39.3827489Z ##[group]Run actions/checkout@v4
2025-12-12T18:55:39.3828812Z with:
2025-12-12T18:55:39.3829587Z   repository: gabrielima7/Stack
2025-12-12T18:55:39.3830817Z   token: ***
2025-12-12T18:55:39.3831564Z   ssh-strict: true
2025-12-12T18:55:39.3832341Z   ssh-user: git
2025-12-12T18:55:39.3833136Z   persist-credentials: true
2025-12-12T18:55:39.3834272Z   clean: true
2025-12-12T18:55:39.3835078Z   sparse-checkout-cone-mode: true
2025-12-12T18:55:39.3836048Z   fetch-depth: 1
2025-12-12T18:55:39.3836835Z   fetch-tags: false
2025-12-12T18:55:39.3837636Z   show-progress: true
2025-12-12T18:55:39.3838435Z   lfs: false
2025-12-12T18:55:39.3839173Z   submodules: false
2025-12-12T18:55:39.3839992Z   set-safe-directory: true
2025-12-12T18:55:39.3841107Z env:
2025-12-12T18:55:39.3841854Z   PYTHON_VERSION_DEFAULT: 3.11
2025-12-12T18:55:39.3842753Z ##[endgroup]
2025-12-12T18:55:39.4931564Z Syncing repository: gabrielima7/Stack
2025-12-12T18:55:39.4934498Z ##[group]Getting Git version info
2025-12-12T18:55:39.4935873Z Working directory is '/home/runner/work/Stack/Stack'
2025-12-12T18:55:39.4937627Z [command]/usr/bin/git version
2025-12-12T18:55:39.4991054Z git version 2.52.0
2025-12-12T18:55:39.5017805Z ##[endgroup]
2025-12-12T18:55:39.5032160Z Temporarily overriding HOME='/home/runner/work/_temp/8c1ed5a7-693a-4156-b54d-4144c7c916f7' before making global git config changes
2025-12-12T18:55:39.5035208Z Adding repository directory to the temporary git global config as a safe directory
2025-12-12T18:55:39.5046143Z [command]/usr/bin/git config --global --add safe.directory /home/runner/work/Stack/Stack
2025-12-12T18:55:39.5084861Z Deleting the contents of '/home/runner/work/Stack/Stack'
2025-12-12T18:55:39.5088771Z ##[group]Initializing the repository
2025-12-12T18:55:39.5093706Z [command]/usr/bin/git init /home/runner/work/Stack/Stack
2025-12-12T18:55:39.5190422Z hint: Using 'master' as the name for the initial branch. This default branch name
2025-12-12T18:55:39.5194079Z hint: will change to "main" in Git 3.0. To configure the initial branch name
2025-12-12T18:55:39.5196388Z hint: to use in all of your new repositories, which will suppress this warning,
2025-12-12T18:55:39.5198132Z hint: call:
2025-12-12T18:55:39.5198835Z hint:
2025-12-12T18:55:39.5200153Z hint: 	git config --global init.defaultBranch <name>
2025-12-12T18:55:39.5201452Z hint:
2025-12-12T18:55:39.5202526Z hint: Names commonly chosen instead of 'master' are 'main', 'trunk' and
2025-12-12T18:55:39.5204689Z hint: 'development'. The just-created branch can be renamed via this command:
2025-12-12T18:55:39.5206598Z hint:
2025-12-12T18:55:39.5207347Z hint: 	git branch -m <name>
2025-12-12T18:55:39.5208208Z hint:
2025-12-12T18:55:39.5209356Z hint: Disable this message with "git config set advice.defaultBranchName false"
2025-12-12T18:55:39.5211171Z Initialized empty Git repository in /home/runner/work/Stack/Stack/.git/
2025-12-12T18:55:39.5214348Z [command]/usr/bin/git remote add origin https://github.com/gabrielima7/Stack
2025-12-12T18:55:39.5241851Z ##[endgroup]
2025-12-12T18:55:39.5243585Z ##[group]Disabling automatic garbage collection
2025-12-12T18:55:39.5245367Z [command]/usr/bin/git config --local gc.auto 0
2025-12-12T18:55:39.5276061Z ##[endgroup]
2025-12-12T18:55:39.5277412Z ##[group]Setting up auth
2025-12-12T18:55:39.5282599Z [command]/usr/bin/git config --local --name-only --get-regexp core\.sshCommand
2025-12-12T18:55:39.5312733Z [command]/usr/bin/git submodule foreach --recursive sh -c "git config --local --name-only --get-regexp 'core\.sshCommand' && git config --local --unset-all 'core.sshCommand' || :"
2025-12-12T18:55:39.5687590Z [command]/usr/bin/git config --local --name-only --get-regexp http\.https\:\/\/github\.com\/\.extraheader
2025-12-12T18:55:39.5716996Z [command]/usr/bin/git submodule foreach --recursive sh -c "git config --local --name-only --get-regexp 'http\.https\:\/\/github\.com\/\.extraheader' && git config --local --unset-all 'http.https://github.com/.extraheader' || :"
2025-12-12T18:55:39.5937922Z [command]/usr/bin/git config --local --name-only --get-regexp ^includeIf\.gitdir:
2025-12-12T18:55:39.5970902Z [command]/usr/bin/git submodule foreach --recursive git config --local --show-origin --name-only --get-regexp remote.origin.url
2025-12-12T18:55:39.6201645Z [command]/usr/bin/git config --local http.https://github.com/.extraheader AUTHORIZATION: basic ***
2025-12-12T18:55:39.6236513Z ##[endgroup]
2025-12-12T18:55:39.6237901Z ##[group]Fetching the repository
2025-12-12T18:55:39.6245856Z [command]/usr/bin/git -c protocol.version=2 fetch --no-tags --prune --no-recurse-submodules --depth=1 origin +265f2b5c1d4934c9f9ad4d635b5ad0997efee979:refs/remotes/origin/main
2025-12-12T18:55:39.8800495Z From https://github.com/gabrielima7/Stack
2025-12-12T18:55:39.8802325Z  * [new ref]         265f2b5c1d4934c9f9ad4d635b5ad0997efee979 -> origin/main
2025-12-12T18:55:39.8835411Z ##[endgroup]
2025-12-12T18:55:39.8837271Z ##[group]Determining the checkout info
2025-12-12T18:55:39.8838870Z ##[endgroup]
2025-12-12T18:55:39.8842201Z [command]/usr/bin/git sparse-checkout disable
2025-12-12T18:55:39.8884342Z [command]/usr/bin/git config --local --unset-all extensions.worktreeConfig
2025-12-12T18:55:39.8911946Z ##[group]Checking out the ref
2025-12-12T18:55:39.8915434Z [command]/usr/bin/git checkout --progress --force -B main refs/remotes/origin/main
2025-12-12T18:55:39.9005287Z Switched to a new branch 'main'
2025-12-12T18:55:39.9008514Z branch 'main' set up to track 'origin/main'.
2025-12-12T18:55:39.9016641Z ##[endgroup]
2025-12-12T18:55:39.9050109Z [command]/usr/bin/git log -1 --format=%H
2025-12-12T18:55:39.9072194Z 265f2b5c1d4934c9f9ad4d635b5ad0997efee979
2025-12-12T18:55:39.9340549Z ##[group]Run actions/setup-python@v5
2025-12-12T18:55:39.9341492Z with:
2025-12-12T18:55:39.9342163Z   python-version: 3.13
2025-12-12T18:55:39.9342936Z   check-latest: false
2025-12-12T18:55:39.9344068Z   token: ***
2025-12-12T18:55:39.9344996Z   update-environment: true
2025-12-12T18:55:39.9345854Z   allow-prereleases: false
2025-12-12T18:55:39.9346669Z   freethreaded: false
2025-12-12T18:55:39.9347401Z env:
2025-12-12T18:55:39.9348079Z   PYTHON_VERSION_DEFAULT: 3.11
2025-12-12T18:55:39.9348898Z ##[endgroup]
2025-12-12T18:55:40.1016067Z ##[group]Installed versions
2025-12-12T18:55:40.1133839Z Successfully set up CPython (3.13.11)
2025-12-12T18:55:40.1136454Z ##[endgroup]
2025-12-12T18:55:40.1278732Z ##[group]Run pipx install poetry
2025-12-12T18:55:40.1279772Z [36;1mpipx install poetry[0m
2025-12-12T18:55:40.1325581Z shell: /usr/bin/bash -e {0}
2025-12-12T18:55:40.1326433Z env:
2025-12-12T18:55:40.1327115Z   PYTHON_VERSION_DEFAULT: 3.11
2025-12-12T18:55:40.1328176Z   pythonLocation: /opt/hostedtoolcache/Python/3.13.11/x64
2025-12-12T18:55:40.1329644Z   PKG_CONFIG_PATH: /opt/hostedtoolcache/Python/3.13.11/x64/lib/pkgconfig
2025-12-12T18:55:40.1331072Z   Python_ROOT_DIR: /opt/hostedtoolcache/Python/3.13.11/x64
2025-12-12T18:55:40.1332362Z   Python2_ROOT_DIR: /opt/hostedtoolcache/Python/3.13.11/x64
2025-12-12T18:55:40.1333854Z   Python3_ROOT_DIR: /opt/hostedtoolcache/Python/3.13.11/x64
2025-12-12T18:55:40.1335183Z   LD_LIBRARY_PATH: /opt/hostedtoolcache/Python/3.13.11/x64/lib
2025-12-12T18:55:40.1336280Z ##[endgroup]
2025-12-12T18:55:40.5055589Z creating virtual environment...
2025-12-12T18:55:40.7615487Z installing poetry...
2025-12-12T18:55:48.7962268Z done! ✨ 🌟 ✨
2025-12-12T18:55:48.7963269Z   installed package poetry 2.2.1, installed using Python 3.12.3
2025-12-12T18:55:48.7964478Z   These apps are now globally available
2025-12-12T18:55:48.7964938Z     - poetry
2025-12-12T18:55:48.8186518Z ##[group]Run poetry config virtualenvs.in-project true
2025-12-12T18:55:48.8187012Z [36;1mpoetry config virtualenvs.in-project true[0m
2025-12-12T18:55:48.8222518Z shell: /usr/bin/bash -e {0}
2025-12-12T18:55:48.8222793Z env:
2025-12-12T18:55:48.8223026Z   PYTHON_VERSION_DEFAULT: 3.11
2025-12-12T18:55:48.8223587Z   pythonLocation: /opt/hostedtoolcache/Python/3.13.11/x64
2025-12-12T18:55:48.8224116Z   PKG_CONFIG_PATH: /opt/hostedtoolcache/Python/3.13.11/x64/lib/pkgconfig
2025-12-12T18:55:48.8224556Z   Python_ROOT_DIR: /opt/hostedtoolcache/Python/3.13.11/x64
2025-12-12T18:55:48.8224944Z   Python2_ROOT_DIR: /opt/hostedtoolcache/Python/3.13.11/x64
2025-12-12T18:55:48.8225353Z   Python3_ROOT_DIR: /opt/hostedtoolcache/Python/3.13.11/x64
2025-12-12T18:55:48.8225755Z   LD_LIBRARY_PATH: /opt/hostedtoolcache/Python/3.13.11/x64/lib
2025-12-12T18:55:48.8226111Z ##[endgroup]
2025-12-12T18:55:49.4379275Z ##[group]Run actions/cache@v4
2025-12-12T18:55:49.4379570Z with:
2025-12-12T18:55:49.4379752Z   path: .venv
2025-12-12T18:55:49.4380144Z   key: Linux-poetry-3.13-dddbcec77aace8ea46b8e4dc49af4adbf8a33d76eb561e7fb5c3f00a438f980a
2025-12-12T18:55:49.4380599Z   restore-keys: Linux-poetry-3.13-

2025-12-12T18:55:49.4380864Z   enableCrossOsArchive: false
2025-12-12T18:55:49.4381093Z   fail-on-cache-miss: false
2025-12-12T18:55:49.4381311Z   lookup-only: false
2025-12-12T18:55:49.4381529Z   save-always: false
2025-12-12T18:55:49.4381705Z env:
2025-12-12T18:55:49.4381885Z   PYTHON_VERSION_DEFAULT: 3.11
2025-12-12T18:55:49.4382173Z   pythonLocation: /opt/hostedtoolcache/Python/3.13.11/x64
2025-12-12T18:55:49.4382588Z   PKG_CONFIG_PATH: /opt/hostedtoolcache/Python/3.13.11/x64/lib/pkgconfig
2025-12-12T18:55:49.4383038Z   Python_ROOT_DIR: /opt/hostedtoolcache/Python/3.13.11/x64
2025-12-12T18:55:49.4383765Z   Python2_ROOT_DIR: /opt/hostedtoolcache/Python/3.13.11/x64
2025-12-12T18:55:49.4384189Z   Python3_ROOT_DIR: /opt/hostedtoolcache/Python/3.13.11/x64
2025-12-12T18:55:49.4384542Z   LD_LIBRARY_PATH: /opt/hostedtoolcache/Python/3.13.11/x64/lib
2025-12-12T18:55:49.4384840Z ##[endgroup]
2025-12-12T18:55:49.6741823Z Cache not found for input keys: Linux-poetry-3.13-dddbcec77aace8ea46b8e4dc49af4adbf8a33d76eb561e7fb5c3f00a438f980a, Linux-poetry-3.13-
2025-12-12T18:55:49.6814195Z ##[group]Run poetry install --with dev
2025-12-12T18:55:49.6814535Z [36;1mpoetry install --with dev[0m
2025-12-12T18:55:49.6848220Z shell: /usr/bin/bash -e {0}
2025-12-12T18:55:49.6848462Z env:
2025-12-12T18:55:49.6848653Z   PYTHON_VERSION_DEFAULT: 3.11
2025-12-12T18:55:49.6848961Z   pythonLocation: /opt/hostedtoolcache/Python/3.13.11/x64
2025-12-12T18:55:49.6849372Z   PKG_CONFIG_PATH: /opt/hostedtoolcache/Python/3.13.11/x64/lib/pkgconfig
2025-12-12T18:55:49.6849762Z   Python_ROOT_DIR: /opt/hostedtoolcache/Python/3.13.11/x64
2025-12-12T18:55:49.6850120Z   Python2_ROOT_DIR: /opt/hostedtoolcache/Python/3.13.11/x64
2025-12-12T18:55:49.6850465Z   Python3_ROOT_DIR: /opt/hostedtoolcache/Python/3.13.11/x64
2025-12-12T18:55:49.6850816Z   LD_LIBRARY_PATH: /opt/hostedtoolcache/Python/3.13.11/x64/lib
2025-12-12T18:55:49.6851111Z ##[endgroup]
2025-12-12T18:55:50.4787242Z Creating virtualenv stack in /home/runner/work/Stack/Stack/.venv
2025-12-12T18:55:51.1922450Z Installing dependencies from lock file
2025-12-12T18:55:51.3325963Z 
2025-12-12T18:55:51.3326537Z Package operations: 75 installs, 0 updates, 0 removals
2025-12-12T18:55:51.3327061Z 
2025-12-12T18:55:51.3330617Z   - Installing mdurl (0.1.2)
2025-12-12T18:55:51.3338170Z   - Installing pycparser (2.23)
2025-12-12T18:55:51.3342189Z   - Installing typing-extensions (4.15.0)
2025-12-12T18:55:51.4761708Z   - Installing annotated-types (0.7.0)
2025-12-12T18:55:51.4767439Z   - Installing certifi (2025.11.12)
2025-12-12T18:55:51.4775618Z   - Installing cffi (2.0.0)
2025-12-12T18:55:51.4786469Z   - Installing h11 (0.16.0)
2025-12-12T18:55:51.4795299Z   - Installing idna (3.11)
2025-12-12T18:55:51.4800956Z   - Installing markdown-it-py (4.0.0)
2025-12-12T18:55:51.4807823Z   - Installing packaging (25.0)
2025-12-12T18:55:51.4834478Z   - Installing pydantic-core (2.41.5)
2025-12-12T18:55:51.5394911Z   - Installing pygments (2.19.2)
2025-12-12T18:55:51.5603654Z   - Installing ruamel-yaml-clib (0.2.14)
2025-12-12T18:55:51.6664822Z   - Installing typing-inspection (0.4.2)
2025-12-12T18:55:51.8532524Z   - Installing anyio (4.12.0)
2025-12-12T18:55:51.8539727Z   - Installing charset-normalizer (3.4.4)
2025-12-12T18:55:51.8546775Z   - Installing click (8.1.8)
2025-12-12T18:55:51.8550848Z   - Installing cryptography (46.0.3)
2025-12-12T18:55:51.8556512Z   - Installing distlib (0.4.0)
2025-12-12T18:55:51.8578815Z   - Installing dparse (0.6.4)
2025-12-12T18:55:51.8588485Z   - Installing filelock (3.20.0)
2025-12-12T18:55:51.8593950Z   - Installing httpcore (1.0.9)
2025-12-12T18:55:51.9520310Z   - Installing iniconfig (2.3.0)
2025-12-12T18:55:51.9562271Z   - Installing joblib (1.5.2)
2025-12-12T18:55:51.9997072Z   - Installing markupsafe (3.0.3)
2025-12-12T18:55:52.0311577Z   - Installing platformdirs (4.5.1)
2025-12-12T18:55:52.0541306Z   - Installing pluggy (1.6.0)
2025-12-12T18:55:52.0699525Z   - Installing pydantic (2.12.5)
2025-12-12T18:55:52.0719844Z   - Installing regex (2025.11.3)
2025-12-12T18:55:52.0896142Z   - Installing rich (13.5.3)
2025-12-12T18:55:52.1217918Z   - Installing ruamel-yaml (0.18.16)
2025-12-12T18:55:52.1447399Z   - Installing shellingham (1.5.4)
2025-12-12T18:55:52.1490231Z   - Installing tqdm (4.67.1)
2025-12-12T18:55:52.2158284Z   - Installing urllib3 (2.6.2)
2025-12-12T18:55:52.4779963Z   - Installing attrs (25.4.0)
2025-12-12T18:55:52.4784959Z   - Installing authlib (1.6.6)
2025-12-12T18:55:52.4793852Z   - Installing cfgv (3.5.0)
2025-12-12T18:55:52.4801799Z   - Installing colorama (0.4.6)
2025-12-12T18:55:52.4808706Z   - Installing coverage (7.13.0)
2025-12-12T18:55:52.4821459Z   - Installing dnspython (2.8.0)
2025-12-12T18:55:52.4835425Z   - Installing execnet (2.1.2)
2025-12-12T18:55:52.4845049Z   - Installing httpx (0.28.1)
2025-12-12T18:55:52.5537705Z   - Installing identify (2.6.15)
2025-12-12T18:55:52.5949027Z   - Installing jinja2 (3.1.6)
2025-12-12T18:55:52.6035153Z   - Installing librt (0.7.3)
2025-12-12T18:55:52.6507386Z   - Installing marshmallow (4.1.1)
2025-12-12T18:55:52.6567897Z   - Installing mypy-extensions (1.1.0)
2025-12-12T18:55:52.6797344Z   - Installing nltk (3.9.2)
2025-12-12T18:55:52.7082367Z   - Installing nodeenv (1.9.1)
2025-12-12T18:55:52.7421771Z   - Installing pathspec (0.12.1)
2025-12-12T18:55:52.7470757Z   - Installing py (1.11.0)
2025-12-12T18:55:52.7664548Z   - Installing pytest (9.0.2)
2025-12-12T18:55:52.7740343Z   - Installing pyyaml (6.0.3)
2025-12-12T18:55:52.7761533Z   - Installing requests (2.32.5)
2025-12-12T18:55:52.8344685Z   - Installing safety-schemas (0.0.16)
2025-12-12T18:55:52.9061752Z   - Installing sortedcontainers (2.4.0)
2025-12-12T18:55:52.9621451Z   - Installing stevedore (5.6.0)
2025-12-12T18:55:52.9682829Z   - Installing tabulate (0.9.0)
2025-12-12T18:55:52.9737472Z   - Installing tenacity (9.1.2)
2025-12-12T18:55:53.0073899Z   - Installing tomlkit (0.13.3)
2025-12-12T18:55:53.0493753Z   - Installing typer (0.20.0)
2025-12-12T18:55:53.0714790Z   - Installing virtualenv (20.35.4)
2025-12-12T18:55:53.3030158Z   - Installing bandit (1.9.2)
2025-12-12T18:55:53.3034884Z   - Installing email-validator (2.3.0)
2025-12-12T18:55:53.3039525Z   - Installing hypothesis (6.148.7)
2025-12-12T18:55:53.3050877Z   - Installing interrogate (1.7.0)
2025-12-12T18:55:53.3055579Z   - Installing mypy (1.19.0)
2025-12-12T18:55:53.3064570Z   - Installing orjson (3.11.5)
2025-12-12T18:55:53.3080101Z   - Installing pre-commit (4.5.0)
2025-12-12T18:55:53.3084765Z   - Installing pytest-cov (7.0.0)
2025-12-12T18:55:53.3964788Z   - Installing pytest-timeout (2.4.0)
2025-12-12T18:55:53.4262314Z   - Installing pytest-xdist (3.8.0)
2025-12-12T18:55:53.4311424Z   - Installing ruff (0.14.9)
2025-12-12T18:55:53.4507604Z   - Installing safety (3.7.0)
2025-12-12T18:55:53.4619927Z   - Installing vulture (2.14)
2025-12-12T18:55:54.3897727Z 
2025-12-12T18:55:54.3898424Z Installing the current project: stack (2.0.0)
2025-12-12T18:55:54.4859699Z ##[group]Run poetry run pytest tests/ -v --cov=src --cov-report=xml --cov-report=term --timeout=60
2025-12-12T18:55:54.4860807Z [36;1mpoetry run pytest tests/ -v --cov=src --cov-report=xml --cov-report=term --timeout=60[0m
2025-12-12T18:55:54.4909059Z shell: /usr/bin/bash -e {0}
2025-12-12T18:55:54.4909442Z env:
2025-12-12T18:55:54.4909765Z   PYTHON_VERSION_DEFAULT: 3.11
2025-12-12T18:55:54.4910284Z   pythonLocation: /opt/hostedtoolcache/Python/3.13.11/x64
2025-12-12T18:55:54.4910972Z   PKG_CONFIG_PATH: /opt/hostedtoolcache/Python/3.13.11/x64/lib/pkgconfig
2025-12-12T18:55:54.4911664Z   Python_ROOT_DIR: /opt/hostedtoolcache/Python/3.13.11/x64
2025-12-12T18:55:54.4912288Z   Python2_ROOT_DIR: /opt/hostedtoolcache/Python/3.13.11/x64
2025-12-12T18:55:54.4912904Z   Python3_ROOT_DIR: /opt/hostedtoolcache/Python/3.13.11/x64
2025-12-12T18:55:54.4913820Z   LD_LIBRARY_PATH: /opt/hostedtoolcache/Python/3.13.11/x64/lib
2025-12-12T18:55:54.4914340Z ##[endgroup]
2025-12-12T18:55:58.1892633Z ============================= test session starts ==============================
2025-12-12T18:55:58.1893732Z platform linux -- Python 3.13.11, pytest-9.0.2, pluggy-1.6.0 -- /home/runner/work/Stack/Stack/.venv/bin/python
2025-12-12T18:55:58.1894336Z cachedir: .pytest_cache
2025-12-12T18:55:58.1895009Z hypothesis profile 'ci' -> database=None, deadline=None, print_blob=True, derandomize=True, suppress_health_check=(HealthCheck.too_slow,)
2025-12-12T18:55:58.1895761Z rootdir: /home/runner/work/Stack/Stack
2025-12-12T18:55:58.1896097Z configfile: pyproject.toml
2025-12-12T18:55:58.1896595Z plugins: hypothesis-6.148.7, timeout-2.4.0, anyio-4.12.0, cov-7.0.0, xdist-3.8.0
2025-12-12T18:55:58.1897098Z timeout: 60.0s
2025-12-12T18:55:58.1897326Z timeout method: signal
2025-12-12T18:55:58.1897586Z timeout func_only: False
2025-12-12T18:55:58.7553890Z collecting ... collected 74 items
2025-12-12T18:55:58.7554217Z 
2025-12-12T18:55:58.7580529Z tests/test_config_models.py::TestSecurityConfig::test_default_values PASSED [  1%]
2025-12-12T18:55:58.7595541Z tests/test_config_models.py::TestSecurityConfig::test_paranoid_level PASSED [  2%]
2025-12-12T18:55:58.7612076Z tests/test_config_models.py::TestSecurityConfig::test_frozen_config PASSED [  4%]
2025-12-12T18:55:58.7630673Z tests/test_config_models.py::TestSecurityConfig::test_extra_fields_forbidden PASSED [  5%]
2025-12-12T18:55:58.7645924Z tests/test_config_models.py::TestDependencyConfig::test_default_values PASSED [  6%]
2025-12-12T18:55:58.7660687Z tests/test_config_models.py::TestDependencyConfig::test_custom_dependencies PASSED [  8%]
2025-12-12T18:55:58.7675378Z tests/test_config_models.py::TestLoggingConfig::test_default_values PASSED [  9%]
2025-12-12T18:55:58.7689653Z tests/test_config_models.py::TestLoggingConfig::test_valid_levels PASSED [ 10%]
2025-12-12T18:55:58.7704555Z tests/test_config_models.py::TestLoggingConfig::test_invalid_level_rejected PASSED [ 12%]
2025-12-12T18:55:58.7723900Z tests/test_config_models.py::TestStackConfig::test_default_values PASSED [ 13%]
2025-12-12T18:55:58.7739510Z tests/test_config_models.py::TestStackConfig::test_valid_project_name PASSED [ 14%]
2025-12-12T18:55:58.7758204Z tests/test_config_models.py::TestStackConfig::test_invalid_project_name_rejected PASSED [ 16%]
2025-12-12T18:55:58.7773886Z tests/test_config_models.py::TestStackConfig::test_valid_python_version PASSED [ 17%]
2025-12-12T18:55:58.7789859Z tests/test_config_models.py::TestStackConfig::test_invalid_python_version_rejected PASSED [ 18%]
2025-12-12T18:55:58.7881808Z tests/test_config_models.py::TestStackConfig::test_path_traversal_rejected PASSED [ 20%]
2025-12-12T18:55:58.7900301Z tests/test_config_models.py::TestStackConfig::test_paranoid_requires_all_tools PASSED [ 21%]
2025-12-12T18:55:58.7916132Z tests/test_config_models.py::TestStackConfig::test_to_target_version PASSED [ 22%]
2025-12-12T18:55:58.7932877Z tests/test_config_models.py::TestStackConfig::test_nested_configs PASSED [ 24%]
2025-12-12T18:55:58.7947651Z tests/test_example.py::test_greet PASSED                                 [ 25%]
2025-12-12T18:55:58.7962697Z tests/test_example.py::test_greet_empty PASSED                           [ 27%]
2025-12-12T18:55:58.8767246Z tests/test_secure_system.py::test_create_user_success PASSED             [ 28%]
2025-12-12T18:55:58.8784008Z tests/test_secure_system.py::test_create_user_invalid_email PASSED       [ 29%]
2025-12-12T18:55:58.8801675Z tests/test_secure_system.py::test_create_user_invalid_username PASSED    [ 31%]
2025-12-12T18:55:58.8824208Z tests/test_secure_system.py::test_get_non_existent_user PASSED           [ 32%]
2025-12-12T18:55:58.8849178Z tests/test_security_guards.py::TestGuardPathTraversal::test_safe_path_passes PASSED [ 33%]
2025-12-12T18:55:58.8874264Z tests/test_security_guards.py::TestGuardPathTraversal::test_relative_path_within_base PASSED [ 35%]
2025-12-12T18:55:58.8895931Z tests/test_security_guards.py::TestGuardPathTraversal::test_path_traversal_blocked PASSED [ 36%]
2025-12-12T18:55:58.8917313Z tests/test_security_guards.py::TestGuardPathTraversal::test_double_dot_blocked PASSED [ 37%]
2025-12-12T18:55:58.8938618Z tests/test_security_guards.py::TestGuardPathTraversal::test_url_encoded_traversal_blocked PASSED [ 39%]
2025-12-12T18:55:58.8964954Z tests/test_security_guards.py::TestGuardPathTraversal::test_path_escapes_base_dir PASSED [ 40%]
2025-12-12T18:55:58.8979443Z tests/test_security_guards.py::TestGuardCommandInjection::test_safe_command_passes PASSED [ 41%]
2025-12-12T18:55:58.8994090Z tests/test_security_guards.py::TestGuardCommandInjection::test_empty_command_blocked PASSED [ 43%]
2025-12-12T18:55:58.9008769Z tests/test_security_guards.py::TestGuardCommandInjection::test_semicolon_blocked PASSED [ 44%]
2025-12-12T18:55:58.9023657Z tests/test_security_guards.py::TestGuardCommandInjection::test_pipe_blocked PASSED [ 45%]
2025-12-12T18:55:58.9038004Z tests/test_security_guards.py::TestGuardCommandInjection::test_backtick_blocked PASSED [ 47%]
2025-12-12T18:55:58.9052379Z tests/test_security_guards.py::TestGuardCommandInjection::test_dollar_expansion_blocked PASSED [ 48%]
2025-12-12T18:55:58.9067236Z tests/test_security_guards.py::TestGuardCommandInjection::test_allowed_commands_whitelist PASSED [ 50%]
2025-12-12T18:55:58.9081997Z tests/test_security_guards.py::TestGuardCommandInjection::test_command_not_in_whitelist_blocked PASSED [ 51%]
2025-12-12T18:55:58.9097054Z tests/test_security_guards.py::TestGuardFileExtension::test_safe_extension_passes PASSED [ 52%]
2025-12-12T18:55:58.9111752Z tests/test_security_guards.py::TestGuardFileExtension::test_dangerous_extension_blocked PASSED [ 54%]
2025-12-12T18:55:58.9127117Z tests/test_security_guards.py::TestGuardFileExtension::test_custom_denied_extensions PASSED [ 55%]
2025-12-12T18:55:58.9142722Z tests/test_security_guards.py::TestGuardFileExtension::test_extension_with_dot PASSED [ 56%]
2025-12-12T18:55:58.9159831Z tests/test_security_validators.py::TestValidateProjectName::test_valid_project_name PASSED [ 58%]
2025-12-12T18:55:58.9175568Z tests/test_security_validators.py::TestValidateProjectName::test_empty_name_rejected PASSED [ 59%]
2025-12-12T18:55:58.9191454Z tests/test_security_validators.py::TestValidateProjectName::test_name_must_start_with_letter PASSED [ 60%]
2025-12-12T18:55:58.9206983Z tests/test_security_validators.py::TestValidateProjectName::test_reserved_names_rejected PASSED [ 62%]
2025-12-12T18:55:58.9222766Z tests/test_security_validators.py::TestValidateProjectName::test_max_length_enforced PASSED [ 63%]
2025-12-12T18:55:58.9237610Z tests/test_security_validators.py::TestValidatePythonVersion::test_valid_versions PASSED [ 64%]
2025-12-12T18:55:58.9253712Z tests/test_security_validators.py::TestValidatePythonVersion::test_invalid_format_rejected PASSED [ 66%]
2025-12-12T18:55:58.9270769Z tests/test_security_validators.py::TestValidatePythonVersion::test_unsupported_version_rejected PASSED [ 67%]
2025-12-12T18:55:58.9287572Z tests/test_security_validators.py::TestValidateEmail::test_valid_emails PASSED [ 68%]
2025-12-12T18:55:58.9302342Z tests/test_security_validators.py::TestValidateEmail::test_empty_email_rejected PASSED [ 70%]
2025-12-12T18:55:58.9318600Z tests/test_security_validators.py::TestValidateEmail::test_invalid_format_rejected PASSED [ 71%]
2025-12-12T18:55:58.9334060Z tests/test_security_validators.py::TestValidateUrl::test_valid_urls PASSED [ 72%]
2025-12-12T18:55:58.9348840Z tests/test_security_validators.py::TestValidateUrl::test_empty_url_rejected PASSED [ 74%]
2025-12-12T18:55:58.9364642Z tests/test_security_validators.py::TestValidateUrl::test_missing_scheme_rejected PASSED [ 75%]
2025-12-12T18:55:58.9380355Z tests/test_security_validators.py::TestValidateUrl::test_invalid_scheme_rejected PASSED [ 77%]
2025-12-12T18:55:58.9395104Z tests/test_security_validators.py::TestValidateIpAddress::test_valid_ipv4 PASSED [ 78%]
2025-12-12T18:55:58.9410966Z tests/test_security_validators.py::TestValidateIpAddress::test_valid_ipv6 PASSED [ 79%]
2025-12-12T18:55:58.9427464Z tests/test_security_validators.py::TestValidateIpAddress::test_invalid_ip_rejected PASSED [ 81%]
2025-12-12T18:55:58.9441931Z tests/test_security_validators.py::TestValidatePort::test_valid_ports PASSED [ 82%]
2025-12-12T18:55:58.9457560Z tests/test_security_validators.py::TestValidatePort::test_invalid_port_rejected PASSED [ 83%]
2025-12-12T18:55:58.9472993Z tests/test_security_validators.py::TestValidatePort::test_privileged_ports_blocked PASSED [ 85%]
2025-12-12T18:55:58.9491657Z tests/test_security_validators.py::TestValidateSemver::test_valid_semver PASSED [ 86%]
2025-12-12T18:55:58.9508581Z tests/test_security_validators.py::TestValidateSemver::test_invalid_semver_rejected PASSED [ 87%]
2025-12-12T18:55:58.9654552Z tests/test_stack_script.py::test_dry_run_does_not_create_files PASSED    [ 89%]
2025-12-12T18:55:58.9724212Z tests/test_stack_script.py::test_safe_write_creates_backup PASSED        [ 90%]
2025-12-12T18:55:58.9795857Z tests/test_stack_script.py::test_force_mode_overwrites_without_backup PASSED [ 91%]
2025-12-12T18:55:58.9918576Z tests/test_stack_script.py::test_idempotency_for_pyproject_toml PASSED   [ 93%]
2025-12-12T18:55:58.9987533Z tests/test_stack_script.py::test_git_initialization PASSED               [ 94%]
2025-12-12T18:55:59.0058522Z tests/test_stack_script.py::test_project_structure_creation PASSED       [ 95%]
2025-12-12T18:55:59.0129673Z tests/test_stack_script.py::test_optional_dependencies_flag PASSED       [ 97%]
2025-12-12T18:55:59.0205694Z tests/test_stack_script.py::test_install_runtime_deps_flag PASSED        [ 98%]
2025-12-12T18:55:59.6185765Z tests/test_stack_script.py::test_python_version_detection PASSED         [100%]
2025-12-12T18:55:59.6186458Z ERROR: Coverage failure: total of 37 is less than fail-under=80
2025-12-12T18:55:59.6186799Z 
2025-12-12T18:55:59.6186806Z 
2025-12-12T18:55:59.6186969Z ================================ tests coverage ================================
2025-12-12T18:55:59.6187491Z _______________ coverage: platform linux, python 3.13.11-final-0 _______________
2025-12-12T18:55:59.6187845Z 
2025-12-12T18:55:59.6188052Z Name                               Stmts   Miss Branch BrPart  Cover   Missing
2025-12-12T18:55:59.6188520Z ------------------------------------------------------------------------------
2025-12-12T18:55:59.6189000Z src/app/__init__.py                    1      0      0      0   100%
2025-12-12T18:55:59.6189468Z src/app/main.py                        8      2      0      0    75%   25-26
2025-12-12T18:55:59.6189972Z src/app/secure_system.py              46      0      2      0   100%
2025-12-12T18:55:59.6190449Z src/stack/__init__.py                  5      0      0      0   100%
2025-12-12T18:55:59.6190933Z src/stack/config/__init__.py           3      0      0      0   100%
2025-12-12T18:55:59.6191541Z src/stack/config/generators.py        34     25     14      0    19%   27-28, 124-182, 218, 264, 311, 349-357
2025-12-12T18:55:59.6192236Z src/stack/config/models.py            73      2     12      1    96%   235-236
2025-12-12T18:55:59.6192786Z src/stack/security/__init__.py         4      0      0      0   100%
2025-12-12T18:55:59.6193911Z src/stack/security/guards.py          83     23     44      4    68%   100-101, 117->125, 119, 250->259, 253, 283-348
2025-12-12T18:55:59.6194516Z src/stack/security/sanitizers.py     104     95     58      0     6%   40-70, 100-152, 177-225, 245-261, 279-298
2025-12-12T18:55:59.6195230Z src/stack/security/validators.py     125     25     54     11    80%   54->56, 56->59, 65-66, 114-116, 160-161, 164-165, 196-198, 209-210, 212->221, 218-219, 251-252, 255-256, 259-260, 285-287
2025-12-12T18:55:59.6195865Z src/stack/utils/__init__.py            4      4      0      0     0%   3-7
2025-12-12T18:55:59.6196298Z src/stack/utils/filesystem.py        114    114     62      0     0%   8-352
2025-12-12T18:55:59.6196732Z src/stack/utils/logging.py            99     99     32      0     0%   8-324
2025-12-12T18:55:59.6197165Z src/stack/utils/subprocess.py         70     70     24      0     0%   8-337
2025-12-12T18:55:59.6197563Z ------------------------------------------------------------------------------
2025-12-12T18:55:59.6197904Z TOTAL                                773    459    302     16    37%
2025-12-12T18:55:59.6198187Z Coverage HTML written to dir htmlcov
2025-12-12T18:55:59.6198455Z Coverage XML written to file coverage.xml
2025-12-12T18:55:59.6198815Z FAIL Required test coverage of 80.0% not reached. Total coverage: 36.84%
2025-12-12T18:55:59.6199191Z ============================== 74 passed in 2.54s ==============================
2025-12-12T18:55:59.7386016Z ##[error]Process completed with exit code 1.
2025-12-12T18:55:59.7468071Z Post job cleanup.
2025-12-12T18:55:59.8408975Z [command]/usr/bin/git version
2025-12-12T18:55:59.8445814Z git version 2.52.0
2025-12-12T18:55:59.8488730Z Temporarily overriding HOME='/home/runner/work/_temp/d41520a6-d01d-4739-a239-9d42166ab737' before making global git config changes
2025-12-12T18:55:59.8489852Z Adding repository directory to the temporary git global config as a safe directory
2025-12-12T18:55:59.8494598Z [command]/usr/bin/git config --global --add safe.directory /home/runner/work/Stack/Stack
2025-12-12T18:55:59.8531026Z [command]/usr/bin/git config --local --name-only --get-regexp core\.sshCommand
2025-12-12T18:55:59.8563487Z [command]/usr/bin/git submodule foreach --recursive sh -c "git config --local --name-only --get-regexp 'core\.sshCommand' && git config --local --unset-all 'core.sshCommand' || :"
2025-12-12T18:55:59.8798077Z [command]/usr/bin/git config --local --name-only --get-regexp http\.https\:\/\/github\.com\/\.extraheader
2025-12-12T18:55:59.8819301Z http.https://github.com/.extraheader
2025-12-12T18:55:59.8850314Z [command]/usr/bin/git config --local --unset-all http.https://github.com/.extraheader
2025-12-12T18:55:59.8864874Z [command]/usr/bin/git submodule foreach --recursive sh -c "git config --local --name-only --get-regexp 'http\.https\:\/\/github\.com\/\.extraheader' && git config --local --unset-all 'http.https://github.com/.extraheader' || :"
2025-12-12T18:55:59.9086893Z [command]/usr/bin/git config --local --name-only --get-regexp ^includeIf\.gitdir:
2025-12-12T18:55:59.9117971Z [command]/usr/bin/git submodule foreach --recursive git config --local --show-origin --name-only --get-regexp remote.origin.url
2025-12-12T18:55:59.9448382Z Cleaning up orphan processes
